ARM GAS  C:\Users\Marlo\AppData\Local\Temp\cczD33uK.s 			page 1


   1              		.syntax unified
   2              		.cpu cortex-m0
   3              		.fpu softvfp
   4              		.eabi_attribute 20, 1
   5              		.eabi_attribute 21, 1
   6              		.eabi_attribute 23, 3
   7              		.eabi_attribute 24, 1
   8              		.eabi_attribute 25, 1
   9              		.eabi_attribute 26, 1
  10              		.eabi_attribute 30, 1
  11              		.eabi_attribute 34, 0
  12              		.eabi_attribute 18, 4
  13              		.thumb
  14              		.syntax unified
  15              		.file	"cyfitter_cfg.c"
  16              		.text
  17              	.Ltext0:
  18              		.cfi_sections	.debug_frame
  19              		.section	.text.cfg_write_bytes32,"ax",%progbits
  20              		.align	2
  21              		.code	16
  22              		.thumb_func
  23              		.type	cfg_write_bytes32, %function
  24              	cfg_write_bytes32:
  25              	.LFB3:
  26              		.file 1 "Generated_Source\\PSoC4\\cyfitter_cfg.c"
   1:Generated_Source\PSoC4/cyfitter_cfg.c **** 
   2:Generated_Source\PSoC4/cyfitter_cfg.c **** /*******************************************************************************
   3:Generated_Source\PSoC4/cyfitter_cfg.c **** * File Name: cyfitter_cfg.c
   4:Generated_Source\PSoC4/cyfitter_cfg.c **** * 
   5:Generated_Source\PSoC4/cyfitter_cfg.c **** * PSoC Creator  4.3
   6:Generated_Source\PSoC4/cyfitter_cfg.c **** *
   7:Generated_Source\PSoC4/cyfitter_cfg.c **** * Description:
   8:Generated_Source\PSoC4/cyfitter_cfg.c **** * This file contains device initialization code.
   9:Generated_Source\PSoC4/cyfitter_cfg.c **** * Except for the user defined sections in CyClockStartupError(), this file should not be modified.
  10:Generated_Source\PSoC4/cyfitter_cfg.c **** * This file is automatically generated by PSoC Creator.
  11:Generated_Source\PSoC4/cyfitter_cfg.c **** *
  12:Generated_Source\PSoC4/cyfitter_cfg.c **** ********************************************************************************
  13:Generated_Source\PSoC4/cyfitter_cfg.c **** * Copyright (c) 2007-2019 Cypress Semiconductor.  All rights reserved.
  14:Generated_Source\PSoC4/cyfitter_cfg.c **** * You may use this file only in accordance with the license, terms, conditions, 
  15:Generated_Source\PSoC4/cyfitter_cfg.c **** * disclaimers, and limitations in the end user license agreement accompanying 
  16:Generated_Source\PSoC4/cyfitter_cfg.c **** * the software package with which this file was provided.
  17:Generated_Source\PSoC4/cyfitter_cfg.c **** ********************************************************************************/
  18:Generated_Source\PSoC4/cyfitter_cfg.c **** 
  19:Generated_Source\PSoC4/cyfitter_cfg.c **** #include <string.h>
  20:Generated_Source\PSoC4/cyfitter_cfg.c **** #include "cytypes.h"
  21:Generated_Source\PSoC4/cyfitter_cfg.c **** #include "cydevice_trm.h"
  22:Generated_Source\PSoC4/cyfitter_cfg.c **** #include "cyfitter.h"
  23:Generated_Source\PSoC4/cyfitter_cfg.c **** #include "CyLib.h"
  24:Generated_Source\PSoC4/cyfitter_cfg.c **** #include "CyLFClk.h"
  25:Generated_Source\PSoC4/cyfitter_cfg.c **** #include "cyfitter_cfg.h"
  26:Generated_Source\PSoC4/cyfitter_cfg.c **** #include "cyapicallbacks.h"
  27:Generated_Source\PSoC4/cyfitter_cfg.c **** 
  28:Generated_Source\PSoC4/cyfitter_cfg.c **** 
  29:Generated_Source\PSoC4/cyfitter_cfg.c **** #if defined(__GNUC__) || defined(__ARMCC_VERSION)
  30:Generated_Source\PSoC4/cyfitter_cfg.c ****     #define CYPACKED 
  31:Generated_Source\PSoC4/cyfitter_cfg.c ****     #define CYPACKED_ATTR __attribute__ ((packed))
ARM GAS  C:\Users\Marlo\AppData\Local\Temp\cczD33uK.s 			page 2


  32:Generated_Source\PSoC4/cyfitter_cfg.c ****     #define CYALIGNED __attribute__ ((aligned))
  33:Generated_Source\PSoC4/cyfitter_cfg.c ****     #define CY_CFG_UNUSED __attribute__ ((unused))
  34:Generated_Source\PSoC4/cyfitter_cfg.c ****     #ifndef CY_CFG_SECTION
  35:Generated_Source\PSoC4/cyfitter_cfg.c ****         #define CY_CFG_SECTION __attribute__ ((section(".psocinit")))
  36:Generated_Source\PSoC4/cyfitter_cfg.c ****     #endif
  37:Generated_Source\PSoC4/cyfitter_cfg.c ****     
  38:Generated_Source\PSoC4/cyfitter_cfg.c ****     #if defined(__ARMCC_VERSION)
  39:Generated_Source\PSoC4/cyfitter_cfg.c ****         #define CY_CFG_MEMORY_BARRIER() __memory_changed()
  40:Generated_Source\PSoC4/cyfitter_cfg.c ****     #else
  41:Generated_Source\PSoC4/cyfitter_cfg.c ****         #define CY_CFG_MEMORY_BARRIER() __sync_synchronize()
  42:Generated_Source\PSoC4/cyfitter_cfg.c ****     #endif
  43:Generated_Source\PSoC4/cyfitter_cfg.c ****     
  44:Generated_Source\PSoC4/cyfitter_cfg.c **** #elif defined(__ICCARM__)
  45:Generated_Source\PSoC4/cyfitter_cfg.c ****     #include <intrinsics.h>
  46:Generated_Source\PSoC4/cyfitter_cfg.c **** 
  47:Generated_Source\PSoC4/cyfitter_cfg.c ****     #define CYPACKED __packed
  48:Generated_Source\PSoC4/cyfitter_cfg.c ****     #define CYPACKED_ATTR 
  49:Generated_Source\PSoC4/cyfitter_cfg.c ****     #define CYALIGNED _Pragma("data_alignment=4")
  50:Generated_Source\PSoC4/cyfitter_cfg.c ****     #define CY_CFG_UNUSED _Pragma("diag_suppress=Pe177")
  51:Generated_Source\PSoC4/cyfitter_cfg.c ****     #define CY_CFG_SECTION _Pragma("location=\".psocinit\"")
  52:Generated_Source\PSoC4/cyfitter_cfg.c ****     
  53:Generated_Source\PSoC4/cyfitter_cfg.c ****     #define CY_CFG_MEMORY_BARRIER() __DMB()
  54:Generated_Source\PSoC4/cyfitter_cfg.c ****     
  55:Generated_Source\PSoC4/cyfitter_cfg.c **** #else
  56:Generated_Source\PSoC4/cyfitter_cfg.c ****     #error Unsupported toolchain
  57:Generated_Source\PSoC4/cyfitter_cfg.c **** #endif
  58:Generated_Source\PSoC4/cyfitter_cfg.c **** 
  59:Generated_Source\PSoC4/cyfitter_cfg.c **** #ifndef CYCODE
  60:Generated_Source\PSoC4/cyfitter_cfg.c ****     #define CYCODE
  61:Generated_Source\PSoC4/cyfitter_cfg.c **** #endif
  62:Generated_Source\PSoC4/cyfitter_cfg.c **** #ifndef CYDATA
  63:Generated_Source\PSoC4/cyfitter_cfg.c ****     #define CYDATA
  64:Generated_Source\PSoC4/cyfitter_cfg.c **** #endif
  65:Generated_Source\PSoC4/cyfitter_cfg.c **** #ifndef CYFAR
  66:Generated_Source\PSoC4/cyfitter_cfg.c ****     #define CYFAR
  67:Generated_Source\PSoC4/cyfitter_cfg.c **** #endif
  68:Generated_Source\PSoC4/cyfitter_cfg.c **** #ifndef CYXDATA
  69:Generated_Source\PSoC4/cyfitter_cfg.c ****     #define CYXDATA
  70:Generated_Source\PSoC4/cyfitter_cfg.c **** #endif
  71:Generated_Source\PSoC4/cyfitter_cfg.c **** 
  72:Generated_Source\PSoC4/cyfitter_cfg.c **** 
  73:Generated_Source\PSoC4/cyfitter_cfg.c **** CY_CFG_UNUSED
  74:Generated_Source\PSoC4/cyfitter_cfg.c **** static void CYMEMZERO(void *s, size_t n);
  75:Generated_Source\PSoC4/cyfitter_cfg.c **** CY_CFG_UNUSED
  76:Generated_Source\PSoC4/cyfitter_cfg.c **** static void CYMEMZERO(void *s, size_t n)
  77:Generated_Source\PSoC4/cyfitter_cfg.c **** {
  78:Generated_Source\PSoC4/cyfitter_cfg.c **** 	(void)memset(s, 0, n);
  79:Generated_Source\PSoC4/cyfitter_cfg.c **** }
  80:Generated_Source\PSoC4/cyfitter_cfg.c **** CY_CFG_UNUSED
  81:Generated_Source\PSoC4/cyfitter_cfg.c **** static void CYCONFIGCPY(void *dest, const void *src, size_t n);
  82:Generated_Source\PSoC4/cyfitter_cfg.c **** CY_CFG_UNUSED
  83:Generated_Source\PSoC4/cyfitter_cfg.c **** static void CYCONFIGCPY(void *dest, const void *src, size_t n)
  84:Generated_Source\PSoC4/cyfitter_cfg.c **** {
  85:Generated_Source\PSoC4/cyfitter_cfg.c **** 	(void)memcpy(dest, src, n);
  86:Generated_Source\PSoC4/cyfitter_cfg.c **** }
  87:Generated_Source\PSoC4/cyfitter_cfg.c **** CY_CFG_UNUSED
  88:Generated_Source\PSoC4/cyfitter_cfg.c **** static void CYCONFIGCPYCODE(void *dest, const void *src, size_t n);
ARM GAS  C:\Users\Marlo\AppData\Local\Temp\cczD33uK.s 			page 3


  89:Generated_Source\PSoC4/cyfitter_cfg.c **** CY_CFG_UNUSED
  90:Generated_Source\PSoC4/cyfitter_cfg.c **** static void CYCONFIGCPYCODE(void *dest, const void *src, size_t n)
  91:Generated_Source\PSoC4/cyfitter_cfg.c **** {
  92:Generated_Source\PSoC4/cyfitter_cfg.c **** 	(void)memcpy(dest, src, n);
  93:Generated_Source\PSoC4/cyfitter_cfg.c **** }
  94:Generated_Source\PSoC4/cyfitter_cfg.c **** 
  95:Generated_Source\PSoC4/cyfitter_cfg.c **** 
  96:Generated_Source\PSoC4/cyfitter_cfg.c **** 
  97:Generated_Source\PSoC4/cyfitter_cfg.c **** 
  98:Generated_Source\PSoC4/cyfitter_cfg.c **** /* Clock startup error codes                                                   */
  99:Generated_Source\PSoC4/cyfitter_cfg.c **** #define CYCLOCKSTART_NO_ERROR    0u
 100:Generated_Source\PSoC4/cyfitter_cfg.c **** #define CYCLOCKSTART_XTAL_ERROR  1u
 101:Generated_Source\PSoC4/cyfitter_cfg.c **** #define CYCLOCKSTART_32KHZ_ERROR 2u
 102:Generated_Source\PSoC4/cyfitter_cfg.c **** #define CYCLOCKSTART_PLL_ERROR   3u
 103:Generated_Source\PSoC4/cyfitter_cfg.c **** #define CYCLOCKSTART_FLL_ERROR   4u
 104:Generated_Source\PSoC4/cyfitter_cfg.c **** #define CYCLOCKSTART_WCO_ERROR   5u
 105:Generated_Source\PSoC4/cyfitter_cfg.c **** 
 106:Generated_Source\PSoC4/cyfitter_cfg.c **** 
 107:Generated_Source\PSoC4/cyfitter_cfg.c **** #ifdef CY_NEED_CYCLOCKSTARTUPERROR
 108:Generated_Source\PSoC4/cyfitter_cfg.c **** /*******************************************************************************
 109:Generated_Source\PSoC4/cyfitter_cfg.c **** * Function Name: CyClockStartupError
 110:Generated_Source\PSoC4/cyfitter_cfg.c **** ********************************************************************************
 111:Generated_Source\PSoC4/cyfitter_cfg.c **** * Summary:
 112:Generated_Source\PSoC4/cyfitter_cfg.c **** *  If an error is encountered during clock configuration (crystal startup error,
 113:Generated_Source\PSoC4/cyfitter_cfg.c **** *  PLL lock error, etc.), the system will end up here.  Unless reimplemented by
 114:Generated_Source\PSoC4/cyfitter_cfg.c **** *  the customer, this function will stop in an infinite loop.
 115:Generated_Source\PSoC4/cyfitter_cfg.c **** *
 116:Generated_Source\PSoC4/cyfitter_cfg.c **** * Parameters:
 117:Generated_Source\PSoC4/cyfitter_cfg.c **** *   void
 118:Generated_Source\PSoC4/cyfitter_cfg.c **** *
 119:Generated_Source\PSoC4/cyfitter_cfg.c **** * Return:
 120:Generated_Source\PSoC4/cyfitter_cfg.c **** *   void
 121:Generated_Source\PSoC4/cyfitter_cfg.c **** *
 122:Generated_Source\PSoC4/cyfitter_cfg.c **** *******************************************************************************/
 123:Generated_Source\PSoC4/cyfitter_cfg.c **** CY_CFG_UNUSED
 124:Generated_Source\PSoC4/cyfitter_cfg.c **** static void CyClockStartupError(uint8 errorCode);
 125:Generated_Source\PSoC4/cyfitter_cfg.c **** CY_CFG_UNUSED
 126:Generated_Source\PSoC4/cyfitter_cfg.c **** static void CyClockStartupError(uint8 errorCode)
 127:Generated_Source\PSoC4/cyfitter_cfg.c **** {
 128:Generated_Source\PSoC4/cyfitter_cfg.c ****     /* To remove the compiler warning if errorCode not used.                */
 129:Generated_Source\PSoC4/cyfitter_cfg.c ****     errorCode = errorCode;
 130:Generated_Source\PSoC4/cyfitter_cfg.c **** 
 131:Generated_Source\PSoC4/cyfitter_cfg.c ****     /* If we have a clock startup error (bad MHz crystal, PLL lock, etc.),  */
 132:Generated_Source\PSoC4/cyfitter_cfg.c ****     /* we will end up here to allow the customer to implement something to  */
 133:Generated_Source\PSoC4/cyfitter_cfg.c ****     /* deal with the clock condition.                                       */
 134:Generated_Source\PSoC4/cyfitter_cfg.c **** 
 135:Generated_Source\PSoC4/cyfitter_cfg.c **** #ifdef CY_CFG_CLOCK_STARTUP_ERROR_CALLBACK
 136:Generated_Source\PSoC4/cyfitter_cfg.c ****     CY_CFG_Clock_Startup_ErrorCallback();
 137:Generated_Source\PSoC4/cyfitter_cfg.c **** #else
 138:Generated_Source\PSoC4/cyfitter_cfg.c ****     /*  If not using CY_CFG_CLOCK_STARTUP_ERROR_CALLBACK, place your clock startup code here. */
 139:Generated_Source\PSoC4/cyfitter_cfg.c ****     /* `#START CyClockStartupError` */
 140:Generated_Source\PSoC4/cyfitter_cfg.c **** 
 141:Generated_Source\PSoC4/cyfitter_cfg.c **** 
 142:Generated_Source\PSoC4/cyfitter_cfg.c **** 
 143:Generated_Source\PSoC4/cyfitter_cfg.c ****     /* `#END` */
 144:Generated_Source\PSoC4/cyfitter_cfg.c **** 
 145:Generated_Source\PSoC4/cyfitter_cfg.c ****     while(1) {}
ARM GAS  C:\Users\Marlo\AppData\Local\Temp\cczD33uK.s 			page 4


 146:Generated_Source\PSoC4/cyfitter_cfg.c **** #endif /* CY_CFG_CLOCK_STARTUP_ERROR_CALLBACK */
 147:Generated_Source\PSoC4/cyfitter_cfg.c **** }
 148:Generated_Source\PSoC4/cyfitter_cfg.c **** #endif
 149:Generated_Source\PSoC4/cyfitter_cfg.c **** 
 150:Generated_Source\PSoC4/cyfitter_cfg.c **** #define CY_CFG_BASE_ADDR_COUNT 2u
 151:Generated_Source\PSoC4/cyfitter_cfg.c **** CYPACKED typedef struct
 152:Generated_Source\PSoC4/cyfitter_cfg.c **** {
 153:Generated_Source\PSoC4/cyfitter_cfg.c **** 	uint8 offset;
 154:Generated_Source\PSoC4/cyfitter_cfg.c **** 	uint8 value;
 155:Generated_Source\PSoC4/cyfitter_cfg.c **** } CYPACKED_ATTR cy_cfg_addrvalue_t;
 156:Generated_Source\PSoC4/cyfitter_cfg.c **** 
 157:Generated_Source\PSoC4/cyfitter_cfg.c **** 
 158:Generated_Source\PSoC4/cyfitter_cfg.c **** 
 159:Generated_Source\PSoC4/cyfitter_cfg.c **** /*******************************************************************************
 160:Generated_Source\PSoC4/cyfitter_cfg.c **** * Function Name: cfg_write_bytes32
 161:Generated_Source\PSoC4/cyfitter_cfg.c **** ********************************************************************************
 162:Generated_Source\PSoC4/cyfitter_cfg.c **** * Summary:
 163:Generated_Source\PSoC4/cyfitter_cfg.c **** *  This function is used for setting up the chip configuration areas that
 164:Generated_Source\PSoC4/cyfitter_cfg.c **** *  contain relatively sparse data.
 165:Generated_Source\PSoC4/cyfitter_cfg.c **** *
 166:Generated_Source\PSoC4/cyfitter_cfg.c **** * Parameters:
 167:Generated_Source\PSoC4/cyfitter_cfg.c **** *   void
 168:Generated_Source\PSoC4/cyfitter_cfg.c **** *
 169:Generated_Source\PSoC4/cyfitter_cfg.c **** * Return:
 170:Generated_Source\PSoC4/cyfitter_cfg.c **** *   void
 171:Generated_Source\PSoC4/cyfitter_cfg.c **** *
 172:Generated_Source\PSoC4/cyfitter_cfg.c **** *******************************************************************************/
 173:Generated_Source\PSoC4/cyfitter_cfg.c **** static void cfg_write_bytes32(const uint32 addr_table[], const cy_cfg_addrvalue_t data_table[]);
 174:Generated_Source\PSoC4/cyfitter_cfg.c **** static void cfg_write_bytes32(const uint32 addr_table[], const cy_cfg_addrvalue_t data_table[])
 175:Generated_Source\PSoC4/cyfitter_cfg.c **** {
  27              		.loc 1 175 0
  28              		.cfi_startproc
  29              		@ args = 0, pretend = 0, frame = 0
  30              		@ frame_needed = 0, uses_anonymous_args = 0
  31              	.LVL0:
  32 0000 F0B5     		push	{r4, r5, r6, r7, lr}
  33              		.cfi_def_cfa_offset 20
  34              		.cfi_offset 4, -20
  35              		.cfi_offset 5, -16
  36              		.cfi_offset 6, -12
  37              		.cfi_offset 7, -8
  38              		.cfi_offset 14, -4
  39              	.LVL1:
 176:Generated_Source\PSoC4/cyfitter_cfg.c **** 	/* For 32-bit little-endian architectures */
 177:Generated_Source\PSoC4/cyfitter_cfg.c **** 	uint32 i, j = 0u;
  40              		.loc 1 177 0
  41 0002 0025     		movs	r5, #0
 178:Generated_Source\PSoC4/cyfitter_cfg.c **** 	for (i = 0u; i < CY_CFG_BASE_ADDR_COUNT; i++)
  42              		.loc 1 178 0
  43 0004 0027     		movs	r7, #0
  44 0006 11E0     		b	.L2
  45              	.LVL2:
  46              	.L5:
  47              	.LBB2:
 179:Generated_Source\PSoC4/cyfitter_cfg.c **** 	{
 180:Generated_Source\PSoC4/cyfitter_cfg.c **** 		uint32 baseAddr = addr_table[i];
  48              		.loc 1 180 0
ARM GAS  C:\Users\Marlo\AppData\Local\Temp\cczD33uK.s 			page 5


  49 0008 BB00     		lsls	r3, r7, #2
  50 000a C658     		ldr	r6, [r0, r3]
  51              	.LVL3:
 181:Generated_Source\PSoC4/cyfitter_cfg.c **** 		uint8 count = (uint8)baseAddr;
  52              		.loc 1 181 0
  53 000c F3B2     		uxtb	r3, r6
  54              	.LVL4:
 182:Generated_Source\PSoC4/cyfitter_cfg.c **** 		baseAddr &= 0xFFFFFF00u;
  55              		.loc 1 182 0
  56 000e FF22     		movs	r2, #255
  57 0010 9643     		bics	r6, r2
  58              	.LVL5:
 183:Generated_Source\PSoC4/cyfitter_cfg.c **** 		while (count != 0u)
  59              		.loc 1 183 0
  60 0012 08E0     		b	.L3
  61              	.L4:
 184:Generated_Source\PSoC4/cyfitter_cfg.c **** 		{
 185:Generated_Source\PSoC4/cyfitter_cfg.c **** 			CY_SET_REG8((void *)(baseAddr + data_table[j].offset), data_table[j].value);
  62              		.loc 1 185 0
  63 0014 6A00     		lsls	r2, r5, #1
  64 0016 8A18     		adds	r2, r1, r2
  65 0018 1478     		ldrb	r4, [r2]
  66 001a A419     		adds	r4, r4, r6
  67 001c 5278     		ldrb	r2, [r2, #1]
  68 001e 2270     		strb	r2, [r4]
 186:Generated_Source\PSoC4/cyfitter_cfg.c **** 			j++;
  69              		.loc 1 186 0
  70 0020 0135     		adds	r5, r5, #1
  71              	.LVL6:
 187:Generated_Source\PSoC4/cyfitter_cfg.c **** 			count--;
  72              		.loc 1 187 0
  73 0022 013B     		subs	r3, r3, #1
  74              	.LVL7:
  75 0024 DBB2     		uxtb	r3, r3
  76              	.LVL8:
  77              	.L3:
 183:Generated_Source\PSoC4/cyfitter_cfg.c **** 		{
  78              		.loc 1 183 0
  79 0026 002B     		cmp	r3, #0
  80 0028 F4D1     		bne	.L4
  81              	.LBE2:
 178:Generated_Source\PSoC4/cyfitter_cfg.c **** 	{
  82              		.loc 1 178 0 discriminator 2
  83 002a 0137     		adds	r7, r7, #1
  84              	.LVL9:
  85              	.L2:
 178:Generated_Source\PSoC4/cyfitter_cfg.c **** 	{
  86              		.loc 1 178 0 is_stmt 0 discriminator 1
  87 002c 012F     		cmp	r7, #1
  88 002e EBD9     		bls	.L5
 188:Generated_Source\PSoC4/cyfitter_cfg.c **** 		}
 189:Generated_Source\PSoC4/cyfitter_cfg.c **** 	}
 190:Generated_Source\PSoC4/cyfitter_cfg.c **** }
  89              		.loc 1 190 0 is_stmt 1
  90              		@ sp needed
  91              	.LVL10:
  92              	.LVL11:
ARM GAS  C:\Users\Marlo\AppData\Local\Temp\cczD33uK.s 			page 6


  93 0030 F0BD     		pop	{r4, r5, r6, r7, pc}
  94              		.cfi_endproc
  95              	.LFE3:
  96              		.size	cfg_write_bytes32, .-cfg_write_bytes32
  97 0032 C046     		.section	.text.CYMEMZERO,"ax",%progbits
  98              		.align	2
  99              		.code	16
 100              		.thumb_func
 101              		.type	CYMEMZERO, %function
 102              	CYMEMZERO:
 103              	.LFB0:
  77:Generated_Source\PSoC4/cyfitter_cfg.c **** 	(void)memset(s, 0, n);
 104              		.loc 1 77 0
 105              		.cfi_startproc
 106              		@ args = 0, pretend = 0, frame = 0
 107              		@ frame_needed = 0, uses_anonymous_args = 0
 108              	.LVL12:
 109 0000 10B5     		push	{r4, lr}
 110              		.cfi_def_cfa_offset 8
 111              		.cfi_offset 4, -8
 112              		.cfi_offset 14, -4
 113 0002 0A00     		movs	r2, r1
  78:Generated_Source\PSoC4/cyfitter_cfg.c **** }
 114              		.loc 1 78 0
 115 0004 0021     		movs	r1, #0
 116              	.LVL13:
 117 0006 FFF7FEFF 		bl	memset
 118              	.LVL14:
  79:Generated_Source\PSoC4/cyfitter_cfg.c **** CY_CFG_UNUSED
 119              		.loc 1 79 0
 120              		@ sp needed
 121 000a 10BD     		pop	{r4, pc}
 122              		.cfi_endproc
 123              	.LFE0:
 124              		.size	CYMEMZERO, .-CYMEMZERO
 125              		.section	.psocinit,"ax",%progbits
 126              		.align	2
 127              		.code	16
 128              		.thumb_func
 129              		.type	ClockSetup, %function
 130              	ClockSetup:
 131              	.LFB4:
 191:Generated_Source\PSoC4/cyfitter_cfg.c **** 
 192:Generated_Source\PSoC4/cyfitter_cfg.c **** 
 193:Generated_Source\PSoC4/cyfitter_cfg.c **** /*******************************************************************************
 194:Generated_Source\PSoC4/cyfitter_cfg.c **** * Function Name: ClockSetup
 195:Generated_Source\PSoC4/cyfitter_cfg.c **** ********************************************************************************
 196:Generated_Source\PSoC4/cyfitter_cfg.c **** *
 197:Generated_Source\PSoC4/cyfitter_cfg.c **** * Summary:
 198:Generated_Source\PSoC4/cyfitter_cfg.c **** *   Performs the initialization of all of the clocks in the device based on the
 199:Generated_Source\PSoC4/cyfitter_cfg.c **** *   settings in the Clock tab of the DWR.  This includes enabling the requested
 200:Generated_Source\PSoC4/cyfitter_cfg.c **** *   clocks and setting the necessary dividers to produce the desired frequency. 
 201:Generated_Source\PSoC4/cyfitter_cfg.c **** *
 202:Generated_Source\PSoC4/cyfitter_cfg.c **** * Parameters:
 203:Generated_Source\PSoC4/cyfitter_cfg.c **** *   void
 204:Generated_Source\PSoC4/cyfitter_cfg.c **** *
 205:Generated_Source\PSoC4/cyfitter_cfg.c **** * Return:
ARM GAS  C:\Users\Marlo\AppData\Local\Temp\cczD33uK.s 			page 7


 206:Generated_Source\PSoC4/cyfitter_cfg.c **** *   void
 207:Generated_Source\PSoC4/cyfitter_cfg.c **** *
 208:Generated_Source\PSoC4/cyfitter_cfg.c **** *******************************************************************************/
 209:Generated_Source\PSoC4/cyfitter_cfg.c **** static void ClockSetup(void);
 210:Generated_Source\PSoC4/cyfitter_cfg.c **** CY_CFG_SECTION
 211:Generated_Source\PSoC4/cyfitter_cfg.c **** static void ClockSetup(void)
 212:Generated_Source\PSoC4/cyfitter_cfg.c **** {
 132              		.loc 1 212 0
 133              		.cfi_startproc
 134              		@ args = 0, pretend = 0, frame = 0
 135              		@ frame_needed = 0, uses_anonymous_args = 0
 136 0000 70B5     		push	{r4, r5, r6, lr}
 137              		.cfi_def_cfa_offset 16
 138              		.cfi_offset 4, -16
 139              		.cfi_offset 5, -12
 140              		.cfi_offset 6, -8
 141              		.cfi_offset 14, -4
 213:Generated_Source\PSoC4/cyfitter_cfg.c **** 	/* Enable HALF_EN before trimming for the flash accelerator. */
 214:Generated_Source\PSoC4/cyfitter_cfg.c **** 	CY_SET_REG32((void CYXDATA *)(CYREG_CLK_SELECT), (CY_GET_REG32((void *)CYREG_CLK_SELECT) | 0x00040
 142              		.loc 1 214 0
 143 0002 0F4C     		ldr	r4, .L8
 144 0004 2368     		ldr	r3, [r4]
 145 0006 8022     		movs	r2, #128
 146 0008 D202     		lsls	r2, r2, #11
 147 000a 1343     		orrs	r3, r2
 148 000c 2360     		str	r3, [r4]
 215:Generated_Source\PSoC4/cyfitter_cfg.c **** 
 216:Generated_Source\PSoC4/cyfitter_cfg.c **** 	/* Setup and trim IMO based on desired frequency. */
 217:Generated_Source\PSoC4/cyfitter_cfg.c **** 	CySysClkWriteImoFreq(24u);
 149              		.loc 1 217 0
 150 000e 1820     		movs	r0, #24
 151 0010 FFF7FEFF 		bl	CySysClkWriteImoFreq
 152              	.LVL15:
 218:Generated_Source\PSoC4/cyfitter_cfg.c **** 
 219:Generated_Source\PSoC4/cyfitter_cfg.c **** 	/* Disable HALF_EN since it is not required at this IMO frequency. */
 220:Generated_Source\PSoC4/cyfitter_cfg.c **** 	CY_SET_REG32((void CYXDATA *)(CYREG_CLK_SELECT), (CY_GET_REG32((void *)CYREG_CLK_SELECT) & 0xFFFBF
 153              		.loc 1 220 0
 154 0014 2268     		ldr	r2, [r4]
 155 0016 0B4B     		ldr	r3, .L8+4
 156 0018 1340     		ands	r3, r2
 157 001a 2360     		str	r3, [r4]
 221:Generated_Source\PSoC4/cyfitter_cfg.c **** 	/* CYDEV_CLK_ILO_CONFIG Starting address: CYDEV_CLK_ILO_CONFIG */
 222:Generated_Source\PSoC4/cyfitter_cfg.c **** 	CY_SET_REG32((void *)(CYREG_CLK_ILO_CONFIG), 0x80000006u);
 158              		.loc 1 222 0
 159 001c 0A4A     		ldr	r2, .L8+8
 160 001e 0B4B     		ldr	r3, .L8+12
 161 0020 1A60     		str	r2, [r3]
 223:Generated_Source\PSoC4/cyfitter_cfg.c **** 
 224:Generated_Source\PSoC4/cyfitter_cfg.c **** 
 225:Generated_Source\PSoC4/cyfitter_cfg.c **** 	/* CYDEV_CLK_IMO_CONFIG Starting address: CYDEV_CLK_IMO_CONFIG */
 226:Generated_Source\PSoC4/cyfitter_cfg.c **** 	CY_SET_REG32((void *)(CYREG_CLK_IMO_CONFIG), 0x80000000u);
 162              		.loc 1 226 0
 163 0022 063A     		subs	r2, r2, #6
 164 0024 0A4B     		ldr	r3, .L8+16
 165 0026 1A60     		str	r2, [r3]
 227:Generated_Source\PSoC4/cyfitter_cfg.c **** 
 228:Generated_Source\PSoC4/cyfitter_cfg.c **** 	/* CYDEV_CLK_SELECT Starting address: CYDEV_CLK_SELECT */
ARM GAS  C:\Users\Marlo\AppData\Local\Temp\cczD33uK.s 			page 8


 229:Generated_Source\PSoC4/cyfitter_cfg.c **** 	CY_SET_REG32((void *)(CYREG_CLK_SELECT), 0x00000000u);
 166              		.loc 1 229 0
 167 0028 0025     		movs	r5, #0
 168 002a 2560     		str	r5, [r4]
 230:Generated_Source\PSoC4/cyfitter_cfg.c **** 
 231:Generated_Source\PSoC4/cyfitter_cfg.c **** 	(void)CyIntSetVector(9u, &CySysWdtIsr);
 169              		.loc 1 231 0
 170 002c 0949     		ldr	r1, .L8+20
 171 002e 0920     		movs	r0, #9
 172 0030 FFF7FEFF 		bl	CyIntSetVector
 173              	.LVL16:
 232:Generated_Source\PSoC4/cyfitter_cfg.c **** 	CyIntEnable(9u);
 174              		.loc 1 232 0
 175 0034 0920     		movs	r0, #9
 176 0036 FFF7FEFF 		bl	CyIntEnable
 177              	.LVL17:
 233:Generated_Source\PSoC4/cyfitter_cfg.c **** 	CY_SET_REG32((void *)(CYREG_WDT_CONFIG), 0x00000000u);
 178              		.loc 1 233 0
 179 003a 074B     		ldr	r3, .L8+24
 180 003c 1D60     		str	r5, [r3]
 234:Generated_Source\PSoC4/cyfitter_cfg.c **** }
 181              		.loc 1 234 0
 182              		@ sp needed
 183 003e 70BD     		pop	{r4, r5, r6, pc}
 184              	.L9:
 185              		.align	2
 186              	.L8:
 187 0040 00010B40 		.word	1074462976
 188 0044 FFFFFBFF 		.word	-262145
 189 0048 06000080 		.word	-2147483642
 190 004c 04010B40 		.word	1074462980
 191 0050 08010B40 		.word	1074462984
 192 0054 00000000 		.word	CySysWdtIsr
 193 0058 0C020B40 		.word	1074463244
 194              		.cfi_endproc
 195              	.LFE4:
 196              		.size	ClockSetup, .-ClockSetup
 197              		.align	2
 198              		.global	cyfitter_cfg
 199              		.code	16
 200              		.thumb_func
 201              		.type	cyfitter_cfg, %function
 202              	cyfitter_cfg:
 203              	.LFB6:
 235:Generated_Source\PSoC4/cyfitter_cfg.c **** 
 236:Generated_Source\PSoC4/cyfitter_cfg.c **** 
 237:Generated_Source\PSoC4/cyfitter_cfg.c **** /* Analog API Functions */
 238:Generated_Source\PSoC4/cyfitter_cfg.c **** 
 239:Generated_Source\PSoC4/cyfitter_cfg.c **** 
 240:Generated_Source\PSoC4/cyfitter_cfg.c **** /*******************************************************************************
 241:Generated_Source\PSoC4/cyfitter_cfg.c **** * Function Name: AnalogSetDefault
 242:Generated_Source\PSoC4/cyfitter_cfg.c **** ********************************************************************************
 243:Generated_Source\PSoC4/cyfitter_cfg.c **** *
 244:Generated_Source\PSoC4/cyfitter_cfg.c **** * Summary:
 245:Generated_Source\PSoC4/cyfitter_cfg.c **** *  Sets up the analog portions of the chip to default values based on chip
 246:Generated_Source\PSoC4/cyfitter_cfg.c **** *  configuration options from the project.
 247:Generated_Source\PSoC4/cyfitter_cfg.c **** *
ARM GAS  C:\Users\Marlo\AppData\Local\Temp\cczD33uK.s 			page 9


 248:Generated_Source\PSoC4/cyfitter_cfg.c **** * Parameters:
 249:Generated_Source\PSoC4/cyfitter_cfg.c **** *  void
 250:Generated_Source\PSoC4/cyfitter_cfg.c **** *
 251:Generated_Source\PSoC4/cyfitter_cfg.c **** * Return:
 252:Generated_Source\PSoC4/cyfitter_cfg.c **** *  void
 253:Generated_Source\PSoC4/cyfitter_cfg.c **** *
 254:Generated_Source\PSoC4/cyfitter_cfg.c **** *******************************************************************************/
 255:Generated_Source\PSoC4/cyfitter_cfg.c **** static void AnalogSetDefault(void);
 256:Generated_Source\PSoC4/cyfitter_cfg.c **** static void AnalogSetDefault(void)
 257:Generated_Source\PSoC4/cyfitter_cfg.c **** {
 258:Generated_Source\PSoC4/cyfitter_cfg.c **** }
 259:Generated_Source\PSoC4/cyfitter_cfg.c **** 
 260:Generated_Source\PSoC4/cyfitter_cfg.c **** 
 261:Generated_Source\PSoC4/cyfitter_cfg.c **** 
 262:Generated_Source\PSoC4/cyfitter_cfg.c **** 
 263:Generated_Source\PSoC4/cyfitter_cfg.c **** /*******************************************************************************
 264:Generated_Source\PSoC4/cyfitter_cfg.c **** * Function Name: cyfitter_cfg
 265:Generated_Source\PSoC4/cyfitter_cfg.c **** ********************************************************************************
 266:Generated_Source\PSoC4/cyfitter_cfg.c **** * Summary:
 267:Generated_Source\PSoC4/cyfitter_cfg.c **** *  This function is called by the start-up code for the selected device. It
 268:Generated_Source\PSoC4/cyfitter_cfg.c **** *  performs all of the necessary device configuration based on the design
 269:Generated_Source\PSoC4/cyfitter_cfg.c **** *  settings.  This includes settings from the Design Wide Resources (DWR) such
 270:Generated_Source\PSoC4/cyfitter_cfg.c **** *  as Clocks and Pins as well as any component configuration that is necessary.
 271:Generated_Source\PSoC4/cyfitter_cfg.c **** *
 272:Generated_Source\PSoC4/cyfitter_cfg.c **** * Parameters:
 273:Generated_Source\PSoC4/cyfitter_cfg.c **** *   void
 274:Generated_Source\PSoC4/cyfitter_cfg.c **** *
 275:Generated_Source\PSoC4/cyfitter_cfg.c **** * Return:
 276:Generated_Source\PSoC4/cyfitter_cfg.c **** *   void
 277:Generated_Source\PSoC4/cyfitter_cfg.c **** *
 278:Generated_Source\PSoC4/cyfitter_cfg.c **** *******************************************************************************/
 279:Generated_Source\PSoC4/cyfitter_cfg.c **** CY_CFG_SECTION
 280:Generated_Source\PSoC4/cyfitter_cfg.c **** void cyfitter_cfg(void)
 281:Generated_Source\PSoC4/cyfitter_cfg.c **** {
 204              		.loc 1 281 0
 205              		.cfi_startproc
 206              		@ args = 0, pretend = 0, frame = 0
 207              		@ frame_needed = 0, uses_anonymous_args = 0
 208 005c 10B5     		push	{r4, lr}
 209              		.cfi_def_cfa_offset 8
 210              		.cfi_offset 4, -8
 211              		.cfi_offset 14, -4
 282:Generated_Source\PSoC4/cyfitter_cfg.c **** 	/* Disable interrupts by default. Let user enable if/when they want. */
 283:Generated_Source\PSoC4/cyfitter_cfg.c **** 	CyGlobalIntDisable;
 212              		.loc 1 283 0
 213              		.syntax divided
 214              	@ 283 "Generated_Source\PSoC4\cyfitter_cfg.c" 1
 215 005e 72B6     		CPSID   i
 216              	@ 0 "" 2
 217              	.LVL18:
 218              		.thumb
 219              		.syntax unified
 220              	.LBB3:
 284:Generated_Source\PSoC4/cyfitter_cfg.c **** 
 285:Generated_Source\PSoC4/cyfitter_cfg.c **** 	{
 286:Generated_Source\PSoC4/cyfitter_cfg.c **** 		static const uint32 CYCODE cy_cfg_addr_table[] = {
 287:Generated_Source\PSoC4/cyfitter_cfg.c **** 			0x400F4002u, /* Base address: 0x400F4000 Count: 2 */
ARM GAS  C:\Users\Marlo\AppData\Local\Temp\cczD33uK.s 			page 10


 288:Generated_Source\PSoC4/cyfitter_cfg.c **** 			0x400F4103u, /* Base address: 0x400F4100 Count: 3 */
 289:Generated_Source\PSoC4/cyfitter_cfg.c **** 		};
 290:Generated_Source\PSoC4/cyfitter_cfg.c **** 
 291:Generated_Source\PSoC4/cyfitter_cfg.c **** 		static const cy_cfg_addrvalue_t CYCODE cy_cfg_data_table[] = {
 292:Generated_Source\PSoC4/cyfitter_cfg.c **** 			{0x0Fu, 0x08u},
 293:Generated_Source\PSoC4/cyfitter_cfg.c **** 			{0xC2u, 0x80u},
 294:Generated_Source\PSoC4/cyfitter_cfg.c **** 			{0x63u, 0x08u},
 295:Generated_Source\PSoC4/cyfitter_cfg.c **** 			{0xA3u, 0x04u},
 296:Generated_Source\PSoC4/cyfitter_cfg.c **** 			{0xD8u, 0x40u},
 297:Generated_Source\PSoC4/cyfitter_cfg.c **** 		};
 298:Generated_Source\PSoC4/cyfitter_cfg.c **** 
 299:Generated_Source\PSoC4/cyfitter_cfg.c **** 
 300:Generated_Source\PSoC4/cyfitter_cfg.c **** 
 301:Generated_Source\PSoC4/cyfitter_cfg.c **** 		CYPACKED typedef struct {
 302:Generated_Source\PSoC4/cyfitter_cfg.c **** 			void CYFAR *address;
 303:Generated_Source\PSoC4/cyfitter_cfg.c **** 			uint16 size;
 304:Generated_Source\PSoC4/cyfitter_cfg.c **** 		} CYPACKED_ATTR cfg_memset_t;
 305:Generated_Source\PSoC4/cyfitter_cfg.c **** 
 306:Generated_Source\PSoC4/cyfitter_cfg.c **** 		static const cfg_memset_t CYCODE cfg_memset_list[] = {
 307:Generated_Source\PSoC4/cyfitter_cfg.c **** 			/* address, size */
 308:Generated_Source\PSoC4/cyfitter_cfg.c **** 			{(void CYFAR *)(CYDEV_UDB_P0_U0_BASE), 1024u},
 309:Generated_Source\PSoC4/cyfitter_cfg.c **** 			{(void CYFAR *)(CYDEV_UDB_DSI0_BASE), 1024u},
 310:Generated_Source\PSoC4/cyfitter_cfg.c **** 		};
 311:Generated_Source\PSoC4/cyfitter_cfg.c **** 
 312:Generated_Source\PSoC4/cyfitter_cfg.c **** 		uint8 CYDATA i;
 313:Generated_Source\PSoC4/cyfitter_cfg.c **** 
 314:Generated_Source\PSoC4/cyfitter_cfg.c **** 		/* Zero out critical memory blocks before beginning configuration */
 315:Generated_Source\PSoC4/cyfitter_cfg.c **** 		for (i = 0u; i < (sizeof(cfg_memset_list)/sizeof(cfg_memset_list[0])); i++)
 221              		.loc 1 315 0
 222 0060 0024     		movs	r4, #0
 223 0062 0FE0     		b	.L11
 224              	.LVL19:
 225              	.L12:
 226              	.LBB4:
 316:Generated_Source\PSoC4/cyfitter_cfg.c **** 		{
 317:Generated_Source\PSoC4/cyfitter_cfg.c **** 			const cfg_memset_t CYCODE * CYDATA ms = &cfg_memset_list[i];
 318:Generated_Source\PSoC4/cyfitter_cfg.c **** 			CYMEMZERO(ms->address, (size_t)(uint32)(ms->size));
 227              		.loc 1 318 0 discriminator 3
 228 0064 2348     		ldr	r0, .L13
 229 0066 6200     		lsls	r2, r4, #1
 230 0068 1319     		adds	r3, r2, r4
 231 006a 5900     		lsls	r1, r3, #1
 232 006c 0B00     		movs	r3, r1
 233 006e 4118     		adds	r1, r0, r1
 234 0070 8988     		ldrh	r1, [r1, #4]
 235 0072 1A5A     		ldrh	r2, [r3, r0]
 236 0074 C318     		adds	r3, r0, r3
 237 0076 5888     		ldrh	r0, [r3, #2]
 238 0078 0004     		lsls	r0, r0, #16
 239 007a 1043     		orrs	r0, r2
 240 007c FFF7FEFF 		bl	CYMEMZERO
 241              	.LVL20:
 242              	.LBE4:
 315:Generated_Source\PSoC4/cyfitter_cfg.c **** 		{
 243              		.loc 1 315 0 discriminator 3
 244 0080 0134     		adds	r4, r4, #1
 245              	.LVL21:
ARM GAS  C:\Users\Marlo\AppData\Local\Temp\cczD33uK.s 			page 11


 246 0082 E4B2     		uxtb	r4, r4
 247              	.LVL22:
 248              	.L11:
 315:Generated_Source\PSoC4/cyfitter_cfg.c **** 		{
 249              		.loc 1 315 0 is_stmt 0 discriminator 1
 250 0084 012C     		cmp	r4, #1
 251 0086 EDD9     		bls	.L12
 319:Generated_Source\PSoC4/cyfitter_cfg.c **** 		}
 320:Generated_Source\PSoC4/cyfitter_cfg.c **** 
 321:Generated_Source\PSoC4/cyfitter_cfg.c **** 		cfg_write_bytes32(cy_cfg_addr_table, cy_cfg_data_table);
 252              		.loc 1 321 0 is_stmt 1
 253 0088 1A48     		ldr	r0, .L13
 254 008a 0100     		movs	r1, r0
 255 008c 0C31     		adds	r1, r1, #12
 256 008e 1830     		adds	r0, r0, #24
 257 0090 FFF7FEFF 		bl	cfg_write_bytes32
 258              	.LVL23:
 322:Generated_Source\PSoC4/cyfitter_cfg.c **** 
 323:Generated_Source\PSoC4/cyfitter_cfg.c **** 		/* HSIOM Starting address: CYDEV_HSIOM_BASE */
 324:Generated_Source\PSoC4/cyfitter_cfg.c **** 		CY_SET_REG32((void *)(CYREG_HSIOM_PORT_SEL1), 0x03000000u);
 259              		.loc 1 324 0
 260 0094 C022     		movs	r2, #192
 261 0096 9204     		lsls	r2, r2, #18
 262 0098 174B     		ldr	r3, .L13+4
 263 009a 1A60     		str	r2, [r3]
 325:Generated_Source\PSoC4/cyfitter_cfg.c **** 		CY_SET_REG32((void *)(CYREG_HSIOM_PORT_SEL3), 0x0000EE00u);
 264              		.loc 1 325 0
 265 009c EE22     		movs	r2, #238
 266 009e 1202     		lsls	r2, r2, #8
 267 00a0 164B     		ldr	r3, .L13+8
 268 00a2 1A60     		str	r2, [r3]
 326:Generated_Source\PSoC4/cyfitter_cfg.c **** 
 327:Generated_Source\PSoC4/cyfitter_cfg.c **** 		/* UDB_PA_0 Starting address: CYDEV_UDB_PA0_BASE */
 328:Generated_Source\PSoC4/cyfitter_cfg.c **** 		CY_SET_REG32((void *)(CYDEV_UDB_PA0_BASE), 0x00990000u);
 269              		.loc 1 328 0
 270 00a4 9923     		movs	r3, #153
 271 00a6 1B04     		lsls	r3, r3, #16
 272 00a8 154A     		ldr	r2, .L13+12
 273 00aa 1360     		str	r3, [r2]
 329:Generated_Source\PSoC4/cyfitter_cfg.c **** 
 330:Generated_Source\PSoC4/cyfitter_cfg.c **** 		/* UDB_PA_1 Starting address: CYDEV_UDB_PA1_BASE */
 331:Generated_Source\PSoC4/cyfitter_cfg.c **** 		CY_SET_REG32((void *)(CYDEV_UDB_PA1_BASE), 0x00990000u);
 274              		.loc 1 331 0
 275 00ac 154A     		ldr	r2, .L13+16
 276 00ae 1360     		str	r3, [r2]
 332:Generated_Source\PSoC4/cyfitter_cfg.c **** 		CY_SET_REG32((void *)(CYREG_UDB_PA1_CFG8), 0x20000000u);
 277              		.loc 1 332 0
 278 00b0 8021     		movs	r1, #128
 279 00b2 8905     		lsls	r1, r1, #22
 280 00b4 144A     		ldr	r2, .L13+20
 281 00b6 1160     		str	r1, [r2]
 333:Generated_Source\PSoC4/cyfitter_cfg.c **** 
 334:Generated_Source\PSoC4/cyfitter_cfg.c **** 		/* UDB_PA_3 Starting address: CYDEV_UDB_PA3_BASE */
 335:Generated_Source\PSoC4/cyfitter_cfg.c **** 		CY_SET_REG32((void *)(CYDEV_UDB_PA3_BASE), 0x00990000u);
 282              		.loc 1 335 0
 283 00b8 144A     		ldr	r2, .L13+24
 284 00ba 1360     		str	r3, [r2]
ARM GAS  C:\Users\Marlo\AppData\Local\Temp\cczD33uK.s 			page 12


 336:Generated_Source\PSoC4/cyfitter_cfg.c **** 
 337:Generated_Source\PSoC4/cyfitter_cfg.c **** 		/* Enable digital routing */
 338:Generated_Source\PSoC4/cyfitter_cfg.c **** 		CY_SET_XTND_REG8((void *)CYREG_UDB_UDBIF_BANK_CTL, (uint8)(CY_GET_XTND_REG8((void *)CYREG_UDB_UDB
 285              		.loc 1 338 0
 286 00bc 144A     		ldr	r2, .L13+28
 287 00be 1178     		ldrb	r1, [r2]
 288 00c0 0623     		movs	r3, #6
 289 00c2 0B43     		orrs	r3, r1
 290 00c4 DBB2     		uxtb	r3, r3
 291 00c6 1370     		strb	r3, [r2]
 292              	.LBE3:
 339:Generated_Source\PSoC4/cyfitter_cfg.c **** 	}
 340:Generated_Source\PSoC4/cyfitter_cfg.c **** 
 341:Generated_Source\PSoC4/cyfitter_cfg.c **** 	/* Perform second pass device configuration. These items must be configured in specific order afte
 342:Generated_Source\PSoC4/cyfitter_cfg.c **** 	/* IOPINS0_0 Starting address: CYDEV_PRT0_BASE */
 343:Generated_Source\PSoC4/cyfitter_cfg.c **** 	CY_SET_REG32((void *)(CYDEV_PRT0_BASE), 0x00000080u);
 293              		.loc 1 343 0
 294 00c8 8022     		movs	r2, #128
 295 00ca 124B     		ldr	r3, .L13+32
 296 00cc 1A60     		str	r2, [r3]
 344:Generated_Source\PSoC4/cyfitter_cfg.c **** 	CY_SET_REG32((void *)(CYREG_PRT0_PC), 0x00400000u);
 297              		.loc 1 344 0
 298 00ce 8022     		movs	r2, #128
 299 00d0 D203     		lsls	r2, r2, #15
 300 00d2 114B     		ldr	r3, .L13+36
 301 00d4 1A60     		str	r2, [r3]
 345:Generated_Source\PSoC4/cyfitter_cfg.c **** 
 346:Generated_Source\PSoC4/cyfitter_cfg.c **** 	/* IOPINS0_1 Starting address: CYDEV_PRT1_BASE */
 347:Generated_Source\PSoC4/cyfitter_cfg.c **** 	CY_SET_REG32((void *)(CYDEV_PRT1_BASE), 0x00000040u);
 302              		.loc 1 347 0
 303 00d6 4022     		movs	r2, #64
 304 00d8 104B     		ldr	r3, .L13+40
 305 00da 1A60     		str	r2, [r3]
 348:Generated_Source\PSoC4/cyfitter_cfg.c **** 	CY_SET_REG32((void *)(CYREG_PRT1_PC), 0x00180000u);
 306              		.loc 1 348 0
 307 00dc C022     		movs	r2, #192
 308 00de 5203     		lsls	r2, r2, #13
 309 00e0 0F4B     		ldr	r3, .L13+44
 310 00e2 1A60     		str	r2, [r3]
 349:Generated_Source\PSoC4/cyfitter_cfg.c **** 
 350:Generated_Source\PSoC4/cyfitter_cfg.c **** 	/* IOPINS0_3 Starting address: CYDEV_PRT3_BASE */
 351:Generated_Source\PSoC4/cyfitter_cfg.c **** 	CY_SET_REG32((void *)(CYREG_PRT3_PC), 0x00000D80u);
 311              		.loc 1 351 0
 312 00e4 D822     		movs	r2, #216
 313 00e6 1201     		lsls	r2, r2, #4
 314 00e8 0E4B     		ldr	r3, .L13+48
 315 00ea 1A60     		str	r2, [r3]
 352:Generated_Source\PSoC4/cyfitter_cfg.c **** 
 353:Generated_Source\PSoC4/cyfitter_cfg.c **** 
 354:Generated_Source\PSoC4/cyfitter_cfg.c **** 	/* Setup clocks based on selections from Clock DWR */
 355:Generated_Source\PSoC4/cyfitter_cfg.c **** 	ClockSetup();
 316              		.loc 1 355 0
 317 00ec FFF788FF 		bl	ClockSetup
 318              	.LVL24:
 356:Generated_Source\PSoC4/cyfitter_cfg.c **** 
 357:Generated_Source\PSoC4/cyfitter_cfg.c **** 	/* Perform basic analog initialization to defaults */
 358:Generated_Source\PSoC4/cyfitter_cfg.c **** 	AnalogSetDefault();
ARM GAS  C:\Users\Marlo\AppData\Local\Temp\cczD33uK.s 			page 13


 359:Generated_Source\PSoC4/cyfitter_cfg.c **** 
 360:Generated_Source\PSoC4/cyfitter_cfg.c **** }
 319              		.loc 1 360 0
 320              		@ sp needed
 321              	.LVL25:
 322 00f0 10BD     		pop	{r4, pc}
 323              	.L14:
 324 00f2 C046     		.align	2
 325              	.L13:
 326 00f4 00000000 		.word	.LANCHOR0
 327 00f8 04000140 		.word	1073807364
 328 00fc 0C000140 		.word	1073807372
 329 0100 00500F40 		.word	1074745344
 330 0104 10500F40 		.word	1074745360
 331 0108 18500F40 		.word	1074745368
 332 010c 30500F40 		.word	1074745392
 333 0110 00700F40 		.word	1074753536
 334 0114 00000440 		.word	1074003968
 335 0118 08000440 		.word	1074003976
 336 011c 00010440 		.word	1074004224
 337 0120 08010440 		.word	1074004232
 338 0124 08030440 		.word	1074004744
 339              		.cfi_endproc
 340              	.LFE6:
 341              		.size	cyfitter_cfg, .-cyfitter_cfg
 342              		.section	.rodata
 343              		.align	2
 344              		.set	.LANCHOR0,. + 0
 345              		.type	cfg_memset_list.4870, %object
 346              		.size	cfg_memset_list.4870, 12
 347              	cfg_memset_list.4870:
 348 0000 00300F40 		.word	1074737152
 349 0004 0004     		.short	1024
 350 0006 00400F40 		.4byte	1074741248
 351 000a 0004     		.short	1024
 352              		.type	cy_cfg_data_table.4865, %object
 353              		.size	cy_cfg_data_table.4865, 10
 354              	cy_cfg_data_table.4865:
 355 000c 0F       		.byte	15
 356 000d 08       		.byte	8
 357 000e C2       		.byte	-62
 358 000f 80       		.byte	-128
 359 0010 63       		.byte	99
 360 0011 08       		.byte	8
 361 0012 A3       		.byte	-93
 362 0013 04       		.byte	4
 363 0014 D8       		.byte	-40
 364 0015 40       		.byte	64
 365 0016 0000     		.space	2
 366              		.type	cy_cfg_addr_table.4864, %object
 367              		.size	cy_cfg_addr_table.4864, 8
 368              	cy_cfg_addr_table.4864:
 369 0018 02400F40 		.word	1074741250
 370 001c 03410F40 		.word	1074741507
 371              		.text
 372              	.Letext0:
 373              		.file 2 "c:\\program files (x86)\\cypress\\psoc creator\\4.3\\psoc creator\\import\\gnu\\arm\\5.4.
ARM GAS  C:\Users\Marlo\AppData\Local\Temp\cczD33uK.s 			page 14


 374              		.file 3 "Generated_Source\\PSoC4\\cytypes.h"
 375              		.file 4 "Generated_Source\\PSoC4\\CyLib.h"
 376              		.section	.debug_info,"",%progbits
 377              	.Ldebug_info0:
 378 0000 9C030000 		.4byte	0x39c
 379 0004 0400     		.2byte	0x4
 380 0006 00000000 		.4byte	.Ldebug_abbrev0
 381 000a 04       		.byte	0x4
 382 000b 01       		.uleb128 0x1
 383 000c 30010000 		.4byte	.LASF39
 384 0010 0C       		.byte	0xc
 385 0011 9E020000 		.4byte	.LASF40
 386 0015 03020000 		.4byte	.LASF41
 387 0019 00000000 		.4byte	.Ldebug_ranges0+0
 388 001d 00000000 		.4byte	0
 389 0021 00000000 		.4byte	.Ldebug_line0
 390 0025 02       		.uleb128 0x2
 391 0026 04       		.byte	0x4
 392 0027 05       		.byte	0x5
 393 0028 696E7400 		.ascii	"int\000"
 394 002c 03       		.uleb128 0x3
 395 002d 06000000 		.4byte	.LASF12
 396 0031 02       		.byte	0x2
 397 0032 D8       		.byte	0xd8
 398 0033 37000000 		.4byte	0x37
 399 0037 04       		.uleb128 0x4
 400 0038 04       		.byte	0x4
 401 0039 07       		.byte	0x7
 402 003a F7000000 		.4byte	.LASF0
 403 003e 04       		.uleb128 0x4
 404 003f 08       		.byte	0x8
 405 0040 05       		.byte	0x5
 406 0041 F0010000 		.4byte	.LASF1
 407 0045 04       		.uleb128 0x4
 408 0046 08       		.byte	0x8
 409 0047 04       		.byte	0x4
 410 0048 86020000 		.4byte	.LASF2
 411 004c 04       		.uleb128 0x4
 412 004d 01       		.byte	0x1
 413 004e 06       		.byte	0x6
 414 004f 92020000 		.4byte	.LASF3
 415 0053 04       		.uleb128 0x4
 416 0054 01       		.byte	0x1
 417 0055 08       		.byte	0x8
 418 0056 99000000 		.4byte	.LASF4
 419 005a 04       		.uleb128 0x4
 420 005b 02       		.byte	0x2
 421 005c 05       		.byte	0x5
 422 005d 5E020000 		.4byte	.LASF5
 423 0061 04       		.uleb128 0x4
 424 0062 02       		.byte	0x2
 425 0063 07       		.byte	0x7
 426 0064 DD010000 		.4byte	.LASF6
 427 0068 04       		.uleb128 0x4
 428 0069 04       		.byte	0x4
 429 006a 05       		.byte	0x5
 430 006b 7D020000 		.4byte	.LASF7
ARM GAS  C:\Users\Marlo\AppData\Local\Temp\cczD33uK.s 			page 15


 431 006f 04       		.uleb128 0x4
 432 0070 04       		.byte	0x4
 433 0071 07       		.byte	0x7
 434 0072 77000000 		.4byte	.LASF8
 435 0076 04       		.uleb128 0x4
 436 0077 08       		.byte	0x8
 437 0078 07       		.byte	0x7
 438 0079 19010000 		.4byte	.LASF9
 439 007d 04       		.uleb128 0x4
 440 007e 04       		.byte	0x4
 441 007f 07       		.byte	0x7
 442 0080 D4010000 		.4byte	.LASF10
 443 0084 05       		.uleb128 0x5
 444 0085 04       		.byte	0x4
 445 0086 04       		.uleb128 0x4
 446 0087 01       		.byte	0x1
 447 0088 08       		.byte	0x8
 448 0089 FE010000 		.4byte	.LASF11
 449 008d 06       		.uleb128 0x6
 450 008e 89000000 		.4byte	.LASF13
 451 0092 03       		.byte	0x3
 452 0093 F701     		.2byte	0x1f7
 453 0095 53000000 		.4byte	0x53
 454 0099 06       		.uleb128 0x6
 455 009a DE000000 		.4byte	.LASF14
 456 009e 03       		.byte	0x3
 457 009f F801     		.2byte	0x1f8
 458 00a1 61000000 		.4byte	0x61
 459 00a5 06       		.uleb128 0x6
 460 00a6 F0000000 		.4byte	.LASF15
 461 00aa 03       		.byte	0x3
 462 00ab F901     		.2byte	0x1f9
 463 00ad 6F000000 		.4byte	0x6f
 464 00b1 04       		.uleb128 0x4
 465 00b2 04       		.byte	0x4
 466 00b3 04       		.byte	0x4
 467 00b4 57000000 		.4byte	.LASF16
 468 00b8 04       		.uleb128 0x4
 469 00b9 08       		.byte	0x8
 470 00ba 04       		.byte	0x4
 471 00bb AE000000 		.4byte	.LASF17
 472 00bf 06       		.uleb128 0x6
 473 00c0 72000000 		.4byte	.LASF18
 474 00c4 03       		.byte	0x3
 475 00c5 A102     		.2byte	0x2a1
 476 00c7 CB000000 		.4byte	0xcb
 477 00cb 07       		.uleb128 0x7
 478 00cc 8D000000 		.4byte	0x8d
 479 00d0 06       		.uleb128 0x6
 480 00d1 00000000 		.4byte	.LASF19
 481 00d5 03       		.byte	0x3
 482 00d6 A302     		.2byte	0x2a3
 483 00d8 DC000000 		.4byte	0xdc
 484 00dc 07       		.uleb128 0x7
 485 00dd A5000000 		.4byte	0xa5
 486 00e1 08       		.uleb128 0x8
 487 00e2 02       		.byte	0x2
ARM GAS  C:\Users\Marlo\AppData\Local\Temp\cczD33uK.s 			page 16


 488 00e3 01       		.byte	0x1
 489 00e4 97       		.byte	0x97
 490 00e5 02010000 		.4byte	0x102
 491 00e9 09       		.uleb128 0x9
 492 00ea 57020000 		.4byte	.LASF20
 493 00ee 01       		.byte	0x1
 494 00ef 99       		.byte	0x99
 495 00f0 8D000000 		.4byte	0x8d
 496 00f4 00       		.byte	0
 497 00f5 09       		.uleb128 0x9
 498 00f6 1C000000 		.4byte	.LASF21
 499 00fa 01       		.byte	0x1
 500 00fb 9A       		.byte	0x9a
 501 00fc 8D000000 		.4byte	0x8d
 502 0100 01       		.byte	0x1
 503 0101 00       		.byte	0
 504 0102 03       		.uleb128 0x3
 505 0103 44020000 		.4byte	.LASF22
 506 0107 01       		.byte	0x1
 507 0108 9B       		.byte	0x9b
 508 0109 E1000000 		.4byte	0xe1
 509 010d 0A       		.uleb128 0xa
 510 010e B5000000 		.4byte	.LASF27
 511 0112 01       		.byte	0x1
 512 0113 AE       		.byte	0xae
 513 0114 00000000 		.4byte	.LFB3
 514 0118 32000000 		.4byte	.LFE3-.LFB3
 515 011c 01       		.uleb128 0x1
 516 011d 9C       		.byte	0x9c
 517 011e 7F010000 		.4byte	0x17f
 518 0122 0B       		.uleb128 0xb
 519 0123 D3000000 		.4byte	.LASF23
 520 0127 01       		.byte	0x1
 521 0128 AE       		.byte	0xae
 522 0129 7F010000 		.4byte	0x17f
 523 012d 01       		.uleb128 0x1
 524 012e 50       		.byte	0x50
 525 012f 0B       		.uleb128 0xb
 526 0130 E5000000 		.4byte	.LASF24
 527 0134 01       		.byte	0x1
 528 0135 AE       		.byte	0xae
 529 0136 8A010000 		.4byte	0x18a
 530 013a 01       		.uleb128 0x1
 531 013b 51       		.byte	0x51
 532 013c 0C       		.uleb128 0xc
 533 013d 6900     		.ascii	"i\000"
 534 013f 01       		.byte	0x1
 535 0140 B1       		.byte	0xb1
 536 0141 A5000000 		.4byte	0xa5
 537 0145 00000000 		.4byte	.LLST0
 538 0149 0C       		.uleb128 0xc
 539 014a 6A00     		.ascii	"j\000"
 540 014c 01       		.byte	0x1
 541 014d B1       		.byte	0xb1
 542 014e A5000000 		.4byte	0xa5
 543 0152 1F000000 		.4byte	.LLST1
 544 0156 0D       		.uleb128 0xd
ARM GAS  C:\Users\Marlo\AppData\Local\Temp\cczD33uK.s 			page 17


 545 0157 08000000 		.4byte	.LBB2
 546 015b 22000000 		.4byte	.LBE2-.LBB2
 547 015f 0E       		.uleb128 0xe
 548 0160 CB010000 		.4byte	.LASF25
 549 0164 01       		.byte	0x1
 550 0165 B4       		.byte	0xb4
 551 0166 A5000000 		.4byte	0xa5
 552 016a 3E000000 		.4byte	.LLST2
 553 016e 0E       		.uleb128 0xe
 554 016f 22000000 		.4byte	.LASF26
 555 0173 01       		.byte	0x1
 556 0174 B5       		.byte	0xb5
 557 0175 8D000000 		.4byte	0x8d
 558 0179 51000000 		.4byte	.LLST3
 559 017d 00       		.byte	0
 560 017e 00       		.byte	0
 561 017f 0F       		.uleb128 0xf
 562 0180 04       		.byte	0x4
 563 0181 85010000 		.4byte	0x185
 564 0185 10       		.uleb128 0x10
 565 0186 A5000000 		.4byte	0xa5
 566 018a 0F       		.uleb128 0xf
 567 018b 04       		.byte	0x4
 568 018c 90010000 		.4byte	0x190
 569 0190 10       		.uleb128 0x10
 570 0191 02010000 		.4byte	0x102
 571 0195 0A       		.uleb128 0xa
 572 0196 8F000000 		.4byte	.LASF28
 573 019a 01       		.byte	0x1
 574 019b 4C       		.byte	0x4c
 575 019c 00000000 		.4byte	.LFB0
 576 01a0 0C000000 		.4byte	.LFE0-.LFB0
 577 01a4 01       		.uleb128 0x1
 578 01a5 9C       		.byte	0x9c
 579 01a6 E2010000 		.4byte	0x1e2
 580 01aa 11       		.uleb128 0x11
 581 01ab 7300     		.ascii	"s\000"
 582 01ad 01       		.byte	0x1
 583 01ae 4C       		.byte	0x4c
 584 01af 84000000 		.4byte	0x84
 585 01b3 6F000000 		.4byte	.LLST4
 586 01b7 11       		.uleb128 0x11
 587 01b8 6E00     		.ascii	"n\000"
 588 01ba 01       		.byte	0x1
 589 01bb 4C       		.byte	0x4c
 590 01bc 2C000000 		.4byte	0x2c
 591 01c0 90000000 		.4byte	.LLST5
 592 01c4 12       		.uleb128 0x12
 593 01c5 0A000000 		.4byte	.LVL14
 594 01c9 75030000 		.4byte	0x375
 595 01cd 13       		.uleb128 0x13
 596 01ce 01       		.uleb128 0x1
 597 01cf 50       		.byte	0x50
 598 01d0 03       		.uleb128 0x3
 599 01d1 F3       		.byte	0xf3
 600 01d2 01       		.uleb128 0x1
 601 01d3 50       		.byte	0x50
ARM GAS  C:\Users\Marlo\AppData\Local\Temp\cczD33uK.s 			page 18


 602 01d4 13       		.uleb128 0x13
 603 01d5 01       		.uleb128 0x1
 604 01d6 51       		.byte	0x51
 605 01d7 01       		.uleb128 0x1
 606 01d8 30       		.byte	0x30
 607 01d9 13       		.uleb128 0x13
 608 01da 01       		.uleb128 0x1
 609 01db 52       		.byte	0x52
 610 01dc 03       		.uleb128 0x3
 611 01dd F3       		.byte	0xf3
 612 01de 01       		.uleb128 0x1
 613 01df 51       		.byte	0x51
 614 01e0 00       		.byte	0
 615 01e1 00       		.byte	0
 616 01e2 0A       		.uleb128 0xa
 617 01e3 28000000 		.4byte	.LASF29
 618 01e7 01       		.byte	0x1
 619 01e8 D3       		.byte	0xd3
 620 01e9 00000000 		.4byte	.LFB4
 621 01ed 5C000000 		.4byte	.LFE4-.LFB4
 622 01f1 01       		.uleb128 0x1
 623 01f2 9C       		.byte	0x9c
 624 01f3 2D020000 		.4byte	0x22d
 625 01f7 14       		.uleb128 0x14
 626 01f8 14000000 		.4byte	.LVL15
 627 01fc 7E030000 		.4byte	0x37e
 628 0200 0A020000 		.4byte	0x20a
 629 0204 13       		.uleb128 0x13
 630 0205 01       		.uleb128 0x1
 631 0206 50       		.byte	0x50
 632 0207 01       		.uleb128 0x1
 633 0208 48       		.byte	0x48
 634 0209 00       		.byte	0
 635 020a 14       		.uleb128 0x14
 636 020b 34000000 		.4byte	.LVL16
 637 020f 89030000 		.4byte	0x389
 638 0213 1D020000 		.4byte	0x21d
 639 0217 13       		.uleb128 0x13
 640 0218 01       		.uleb128 0x1
 641 0219 50       		.byte	0x50
 642 021a 01       		.uleb128 0x1
 643 021b 39       		.byte	0x39
 644 021c 00       		.byte	0
 645 021d 12       		.uleb128 0x12
 646 021e 3A000000 		.4byte	.LVL17
 647 0222 94030000 		.4byte	0x394
 648 0226 13       		.uleb128 0x13
 649 0227 01       		.uleb128 0x1
 650 0228 50       		.byte	0x50
 651 0229 01       		.uleb128 0x1
 652 022a 39       		.byte	0x39
 653 022b 00       		.byte	0
 654 022c 00       		.byte	0
 655 022d 15       		.uleb128 0x15
 656 022e 04010000 		.4byte	.LASF42
 657 0232 01       		.byte	0x1
 658 0233 1801     		.2byte	0x118
ARM GAS  C:\Users\Marlo\AppData\Local\Temp\cczD33uK.s 			page 19


 659 0235 5C000000 		.4byte	.LFB6
 660 0239 CC000000 		.4byte	.LFE6-.LFB6
 661 023d 01       		.uleb128 0x1
 662 023e 9C       		.byte	0x9c
 663 023f 4B030000 		.4byte	0x34b
 664 0243 16       		.uleb128 0x16
 665 0244 60000000 		.4byte	.LBB3
 666 0248 68000000 		.4byte	.LBE3-.LBB3
 667 024c 41030000 		.4byte	0x341
 668 0250 17       		.uleb128 0x17
 669 0251 33000000 		.4byte	.LASF30
 670 0255 01       		.byte	0x1
 671 0256 1E01     		.2byte	0x11e
 672 0258 5B030000 		.4byte	0x35b
 673 025c 05       		.uleb128 0x5
 674 025d 03       		.byte	0x3
 675 025e 18000000 		.4byte	cy_cfg_addr_table.4864
 676 0262 17       		.uleb128 0x17
 677 0263 45000000 		.4byte	.LASF31
 678 0267 01       		.byte	0x1
 679 0268 2301     		.2byte	0x123
 680 026a 70030000 		.4byte	0x370
 681 026e 05       		.uleb128 0x5
 682 026f 03       		.byte	0x3
 683 0270 0C000000 		.4byte	cy_cfg_data_table.4865
 684 0274 18       		.uleb128 0x18
 685 0275 06       		.byte	0x6
 686 0276 01       		.byte	0x1
 687 0277 2D01     		.2byte	0x12d
 688 0279 98020000 		.4byte	0x298
 689 027d 19       		.uleb128 0x19
 690 027e 11010000 		.4byte	.LASF32
 691 0282 01       		.byte	0x1
 692 0283 2E01     		.2byte	0x12e
 693 0285 84000000 		.4byte	0x84
 694 0289 00       		.byte	0
 695 028a 19       		.uleb128 0x19
 696 028b 6D000000 		.4byte	.LASF33
 697 028f 01       		.byte	0x1
 698 0290 2F01     		.2byte	0x12f
 699 0292 99000000 		.4byte	0x99
 700 0296 04       		.byte	0x4
 701 0297 00       		.byte	0
 702 0298 06       		.uleb128 0x6
 703 0299 BE010000 		.4byte	.LASF34
 704 029d 01       		.byte	0x1
 705 029e 3001     		.2byte	0x130
 706 02a0 74020000 		.4byte	0x274
 707 02a4 1A       		.uleb128 0x1a
 708 02a5 B4020000 		.4byte	0x2b4
 709 02a9 B4020000 		.4byte	0x2b4
 710 02ad 1B       		.uleb128 0x1b
 711 02ae 7D000000 		.4byte	0x7d
 712 02b2 01       		.byte	0x1
 713 02b3 00       		.byte	0
 714 02b4 10       		.uleb128 0x10
 715 02b5 98020000 		.4byte	0x298
ARM GAS  C:\Users\Marlo\AppData\Local\Temp\cczD33uK.s 			page 20


 716 02b9 17       		.uleb128 0x17
 717 02ba 5D000000 		.4byte	.LASF35
 718 02be 01       		.byte	0x1
 719 02bf 3201     		.2byte	0x132
 720 02c1 CB020000 		.4byte	0x2cb
 721 02c5 05       		.uleb128 0x5
 722 02c6 03       		.byte	0x3
 723 02c7 00000000 		.4byte	cfg_memset_list.4870
 724 02cb 10       		.uleb128 0x10
 725 02cc A4020000 		.4byte	0x2a4
 726 02d0 1C       		.uleb128 0x1c
 727 02d1 6900     		.ascii	"i\000"
 728 02d3 01       		.byte	0x1
 729 02d4 3801     		.2byte	0x138
 730 02d6 8D000000 		.4byte	0x8d
 731 02da BC000000 		.4byte	.LLST6
 732 02de 16       		.uleb128 0x16
 733 02df 64000000 		.4byte	.LBB4
 734 02e3 1C000000 		.4byte	.LBE4-.LBB4
 735 02e7 24030000 		.4byte	0x324
 736 02eb 1C       		.uleb128 0x1c
 737 02ec 6D7300   		.ascii	"ms\000"
 738 02ef 01       		.byte	0x1
 739 02f0 3D01     		.2byte	0x13d
 740 02f2 FA020000 		.4byte	0x2fa
 741 02f6 E6000000 		.4byte	.LLST7
 742 02fa 0F       		.uleb128 0xf
 743 02fb 04       		.byte	0x4
 744 02fc B4020000 		.4byte	0x2b4
 745 0300 12       		.uleb128 0x12
 746 0301 80000000 		.4byte	.LVL20
 747 0305 95010000 		.4byte	0x195
 748 0309 13       		.uleb128 0x13
 749 030a 01       		.uleb128 0x1
 750 030b 51       		.byte	0x51
 751 030c 15       		.uleb128 0x15
 752 030d 74       		.byte	0x74
 753 030e 00       		.sleb128 0
 754 030f 31       		.byte	0x31
 755 0310 24       		.byte	0x24
 756 0311 74       		.byte	0x74
 757 0312 00       		.sleb128 0
 758 0313 22       		.byte	0x22
 759 0314 31       		.byte	0x31
 760 0315 24       		.byte	0x24
 761 0316 03       		.byte	0x3
 762 0317 04000000 		.4byte	.LANCHOR0+4
 763 031b 22       		.byte	0x22
 764 031c 94       		.byte	0x94
 765 031d 02       		.byte	0x2
 766 031e 0A       		.byte	0xa
 767 031f FFFF     		.2byte	0xffff
 768 0321 1A       		.byte	0x1a
 769 0322 00       		.byte	0
 770 0323 00       		.byte	0
 771 0324 12       		.uleb128 0x12
 772 0325 94000000 		.4byte	.LVL23
ARM GAS  C:\Users\Marlo\AppData\Local\Temp\cczD33uK.s 			page 21


 773 0329 0D010000 		.4byte	0x10d
 774 032d 13       		.uleb128 0x13
 775 032e 01       		.uleb128 0x1
 776 032f 50       		.byte	0x50
 777 0330 05       		.uleb128 0x5
 778 0331 03       		.byte	0x3
 779 0332 18000000 		.4byte	.LANCHOR0+24
 780 0336 13       		.uleb128 0x13
 781 0337 01       		.uleb128 0x1
 782 0338 51       		.byte	0x51
 783 0339 05       		.uleb128 0x5
 784 033a 03       		.byte	0x3
 785 033b 0C000000 		.4byte	.LANCHOR0+12
 786 033f 00       		.byte	0
 787 0340 00       		.byte	0
 788 0341 1D       		.uleb128 0x1d
 789 0342 F0000000 		.4byte	.LVL24
 790 0346 E2010000 		.4byte	0x1e2
 791 034a 00       		.byte	0
 792 034b 1A       		.uleb128 0x1a
 793 034c 85010000 		.4byte	0x185
 794 0350 5B030000 		.4byte	0x35b
 795 0354 1B       		.uleb128 0x1b
 796 0355 7D000000 		.4byte	0x7d
 797 0359 01       		.byte	0x1
 798 035a 00       		.byte	0
 799 035b 10       		.uleb128 0x10
 800 035c 4B030000 		.4byte	0x34b
 801 0360 1A       		.uleb128 0x1a
 802 0361 90010000 		.4byte	0x190
 803 0365 70030000 		.4byte	0x370
 804 0369 1B       		.uleb128 0x1b
 805 036a 7D000000 		.4byte	0x7d
 806 036e 04       		.byte	0x4
 807 036f 00       		.byte	0
 808 0370 10       		.uleb128 0x10
 809 0371 60030000 		.4byte	0x360
 810 0375 1E       		.uleb128 0x1e
 811 0376 A7000000 		.4byte	.LASF43
 812 037a A7000000 		.4byte	.LASF43
 813 037e 1F       		.uleb128 0x1f
 814 037f 68020000 		.4byte	.LASF36
 815 0383 68020000 		.4byte	.LASF36
 816 0387 04       		.byte	0x4
 817 0388 6C       		.byte	0x6c
 818 0389 1F       		.uleb128 0x1f
 819 038a 0D000000 		.4byte	.LASF37
 820 038e 0D000000 		.4byte	.LASF37
 821 0392 04       		.byte	0x4
 822 0393 D0       		.byte	0xd0
 823 0394 1F       		.uleb128 0x1f
 824 0395 C7000000 		.4byte	.LASF38
 825 0399 C7000000 		.4byte	.LASF38
 826 039d 04       		.byte	0x4
 827 039e D6       		.byte	0xd6
 828 039f 00       		.byte	0
 829              		.section	.debug_abbrev,"",%progbits
ARM GAS  C:\Users\Marlo\AppData\Local\Temp\cczD33uK.s 			page 22


 830              	.Ldebug_abbrev0:
 831 0000 01       		.uleb128 0x1
 832 0001 11       		.uleb128 0x11
 833 0002 01       		.byte	0x1
 834 0003 25       		.uleb128 0x25
 835 0004 0E       		.uleb128 0xe
 836 0005 13       		.uleb128 0x13
 837 0006 0B       		.uleb128 0xb
 838 0007 03       		.uleb128 0x3
 839 0008 0E       		.uleb128 0xe
 840 0009 1B       		.uleb128 0x1b
 841 000a 0E       		.uleb128 0xe
 842 000b 55       		.uleb128 0x55
 843 000c 17       		.uleb128 0x17
 844 000d 11       		.uleb128 0x11
 845 000e 01       		.uleb128 0x1
 846 000f 10       		.uleb128 0x10
 847 0010 17       		.uleb128 0x17
 848 0011 00       		.byte	0
 849 0012 00       		.byte	0
 850 0013 02       		.uleb128 0x2
 851 0014 24       		.uleb128 0x24
 852 0015 00       		.byte	0
 853 0016 0B       		.uleb128 0xb
 854 0017 0B       		.uleb128 0xb
 855 0018 3E       		.uleb128 0x3e
 856 0019 0B       		.uleb128 0xb
 857 001a 03       		.uleb128 0x3
 858 001b 08       		.uleb128 0x8
 859 001c 00       		.byte	0
 860 001d 00       		.byte	0
 861 001e 03       		.uleb128 0x3
 862 001f 16       		.uleb128 0x16
 863 0020 00       		.byte	0
 864 0021 03       		.uleb128 0x3
 865 0022 0E       		.uleb128 0xe
 866 0023 3A       		.uleb128 0x3a
 867 0024 0B       		.uleb128 0xb
 868 0025 3B       		.uleb128 0x3b
 869 0026 0B       		.uleb128 0xb
 870 0027 49       		.uleb128 0x49
 871 0028 13       		.uleb128 0x13
 872 0029 00       		.byte	0
 873 002a 00       		.byte	0
 874 002b 04       		.uleb128 0x4
 875 002c 24       		.uleb128 0x24
 876 002d 00       		.byte	0
 877 002e 0B       		.uleb128 0xb
 878 002f 0B       		.uleb128 0xb
 879 0030 3E       		.uleb128 0x3e
 880 0031 0B       		.uleb128 0xb
 881 0032 03       		.uleb128 0x3
 882 0033 0E       		.uleb128 0xe
 883 0034 00       		.byte	0
 884 0035 00       		.byte	0
 885 0036 05       		.uleb128 0x5
 886 0037 0F       		.uleb128 0xf
ARM GAS  C:\Users\Marlo\AppData\Local\Temp\cczD33uK.s 			page 23


 887 0038 00       		.byte	0
 888 0039 0B       		.uleb128 0xb
 889 003a 0B       		.uleb128 0xb
 890 003b 00       		.byte	0
 891 003c 00       		.byte	0
 892 003d 06       		.uleb128 0x6
 893 003e 16       		.uleb128 0x16
 894 003f 00       		.byte	0
 895 0040 03       		.uleb128 0x3
 896 0041 0E       		.uleb128 0xe
 897 0042 3A       		.uleb128 0x3a
 898 0043 0B       		.uleb128 0xb
 899 0044 3B       		.uleb128 0x3b
 900 0045 05       		.uleb128 0x5
 901 0046 49       		.uleb128 0x49
 902 0047 13       		.uleb128 0x13
 903 0048 00       		.byte	0
 904 0049 00       		.byte	0
 905 004a 07       		.uleb128 0x7
 906 004b 35       		.uleb128 0x35
 907 004c 00       		.byte	0
 908 004d 49       		.uleb128 0x49
 909 004e 13       		.uleb128 0x13
 910 004f 00       		.byte	0
 911 0050 00       		.byte	0
 912 0051 08       		.uleb128 0x8
 913 0052 13       		.uleb128 0x13
 914 0053 01       		.byte	0x1
 915 0054 0B       		.uleb128 0xb
 916 0055 0B       		.uleb128 0xb
 917 0056 3A       		.uleb128 0x3a
 918 0057 0B       		.uleb128 0xb
 919 0058 3B       		.uleb128 0x3b
 920 0059 0B       		.uleb128 0xb
 921 005a 01       		.uleb128 0x1
 922 005b 13       		.uleb128 0x13
 923 005c 00       		.byte	0
 924 005d 00       		.byte	0
 925 005e 09       		.uleb128 0x9
 926 005f 0D       		.uleb128 0xd
 927 0060 00       		.byte	0
 928 0061 03       		.uleb128 0x3
 929 0062 0E       		.uleb128 0xe
 930 0063 3A       		.uleb128 0x3a
 931 0064 0B       		.uleb128 0xb
 932 0065 3B       		.uleb128 0x3b
 933 0066 0B       		.uleb128 0xb
 934 0067 49       		.uleb128 0x49
 935 0068 13       		.uleb128 0x13
 936 0069 38       		.uleb128 0x38
 937 006a 0B       		.uleb128 0xb
 938 006b 00       		.byte	0
 939 006c 00       		.byte	0
 940 006d 0A       		.uleb128 0xa
 941 006e 2E       		.uleb128 0x2e
 942 006f 01       		.byte	0x1
 943 0070 03       		.uleb128 0x3
ARM GAS  C:\Users\Marlo\AppData\Local\Temp\cczD33uK.s 			page 24


 944 0071 0E       		.uleb128 0xe
 945 0072 3A       		.uleb128 0x3a
 946 0073 0B       		.uleb128 0xb
 947 0074 3B       		.uleb128 0x3b
 948 0075 0B       		.uleb128 0xb
 949 0076 27       		.uleb128 0x27
 950 0077 19       		.uleb128 0x19
 951 0078 11       		.uleb128 0x11
 952 0079 01       		.uleb128 0x1
 953 007a 12       		.uleb128 0x12
 954 007b 06       		.uleb128 0x6
 955 007c 40       		.uleb128 0x40
 956 007d 18       		.uleb128 0x18
 957 007e 9742     		.uleb128 0x2117
 958 0080 19       		.uleb128 0x19
 959 0081 01       		.uleb128 0x1
 960 0082 13       		.uleb128 0x13
 961 0083 00       		.byte	0
 962 0084 00       		.byte	0
 963 0085 0B       		.uleb128 0xb
 964 0086 05       		.uleb128 0x5
 965 0087 00       		.byte	0
 966 0088 03       		.uleb128 0x3
 967 0089 0E       		.uleb128 0xe
 968 008a 3A       		.uleb128 0x3a
 969 008b 0B       		.uleb128 0xb
 970 008c 3B       		.uleb128 0x3b
 971 008d 0B       		.uleb128 0xb
 972 008e 49       		.uleb128 0x49
 973 008f 13       		.uleb128 0x13
 974 0090 02       		.uleb128 0x2
 975 0091 18       		.uleb128 0x18
 976 0092 00       		.byte	0
 977 0093 00       		.byte	0
 978 0094 0C       		.uleb128 0xc
 979 0095 34       		.uleb128 0x34
 980 0096 00       		.byte	0
 981 0097 03       		.uleb128 0x3
 982 0098 08       		.uleb128 0x8
 983 0099 3A       		.uleb128 0x3a
 984 009a 0B       		.uleb128 0xb
 985 009b 3B       		.uleb128 0x3b
 986 009c 0B       		.uleb128 0xb
 987 009d 49       		.uleb128 0x49
 988 009e 13       		.uleb128 0x13
 989 009f 02       		.uleb128 0x2
 990 00a0 17       		.uleb128 0x17
 991 00a1 00       		.byte	0
 992 00a2 00       		.byte	0
 993 00a3 0D       		.uleb128 0xd
 994 00a4 0B       		.uleb128 0xb
 995 00a5 01       		.byte	0x1
 996 00a6 11       		.uleb128 0x11
 997 00a7 01       		.uleb128 0x1
 998 00a8 12       		.uleb128 0x12
 999 00a9 06       		.uleb128 0x6
 1000 00aa 00       		.byte	0
ARM GAS  C:\Users\Marlo\AppData\Local\Temp\cczD33uK.s 			page 25


 1001 00ab 00       		.byte	0
 1002 00ac 0E       		.uleb128 0xe
 1003 00ad 34       		.uleb128 0x34
 1004 00ae 00       		.byte	0
 1005 00af 03       		.uleb128 0x3
 1006 00b0 0E       		.uleb128 0xe
 1007 00b1 3A       		.uleb128 0x3a
 1008 00b2 0B       		.uleb128 0xb
 1009 00b3 3B       		.uleb128 0x3b
 1010 00b4 0B       		.uleb128 0xb
 1011 00b5 49       		.uleb128 0x49
 1012 00b6 13       		.uleb128 0x13
 1013 00b7 02       		.uleb128 0x2
 1014 00b8 17       		.uleb128 0x17
 1015 00b9 00       		.byte	0
 1016 00ba 00       		.byte	0
 1017 00bb 0F       		.uleb128 0xf
 1018 00bc 0F       		.uleb128 0xf
 1019 00bd 00       		.byte	0
 1020 00be 0B       		.uleb128 0xb
 1021 00bf 0B       		.uleb128 0xb
 1022 00c0 49       		.uleb128 0x49
 1023 00c1 13       		.uleb128 0x13
 1024 00c2 00       		.byte	0
 1025 00c3 00       		.byte	0
 1026 00c4 10       		.uleb128 0x10
 1027 00c5 26       		.uleb128 0x26
 1028 00c6 00       		.byte	0
 1029 00c7 49       		.uleb128 0x49
 1030 00c8 13       		.uleb128 0x13
 1031 00c9 00       		.byte	0
 1032 00ca 00       		.byte	0
 1033 00cb 11       		.uleb128 0x11
 1034 00cc 05       		.uleb128 0x5
 1035 00cd 00       		.byte	0
 1036 00ce 03       		.uleb128 0x3
 1037 00cf 08       		.uleb128 0x8
 1038 00d0 3A       		.uleb128 0x3a
 1039 00d1 0B       		.uleb128 0xb
 1040 00d2 3B       		.uleb128 0x3b
 1041 00d3 0B       		.uleb128 0xb
 1042 00d4 49       		.uleb128 0x49
 1043 00d5 13       		.uleb128 0x13
 1044 00d6 02       		.uleb128 0x2
 1045 00d7 17       		.uleb128 0x17
 1046 00d8 00       		.byte	0
 1047 00d9 00       		.byte	0
 1048 00da 12       		.uleb128 0x12
 1049 00db 898201   		.uleb128 0x4109
 1050 00de 01       		.byte	0x1
 1051 00df 11       		.uleb128 0x11
 1052 00e0 01       		.uleb128 0x1
 1053 00e1 31       		.uleb128 0x31
 1054 00e2 13       		.uleb128 0x13
 1055 00e3 00       		.byte	0
 1056 00e4 00       		.byte	0
 1057 00e5 13       		.uleb128 0x13
ARM GAS  C:\Users\Marlo\AppData\Local\Temp\cczD33uK.s 			page 26


 1058 00e6 8A8201   		.uleb128 0x410a
 1059 00e9 00       		.byte	0
 1060 00ea 02       		.uleb128 0x2
 1061 00eb 18       		.uleb128 0x18
 1062 00ec 9142     		.uleb128 0x2111
 1063 00ee 18       		.uleb128 0x18
 1064 00ef 00       		.byte	0
 1065 00f0 00       		.byte	0
 1066 00f1 14       		.uleb128 0x14
 1067 00f2 898201   		.uleb128 0x4109
 1068 00f5 01       		.byte	0x1
 1069 00f6 11       		.uleb128 0x11
 1070 00f7 01       		.uleb128 0x1
 1071 00f8 31       		.uleb128 0x31
 1072 00f9 13       		.uleb128 0x13
 1073 00fa 01       		.uleb128 0x1
 1074 00fb 13       		.uleb128 0x13
 1075 00fc 00       		.byte	0
 1076 00fd 00       		.byte	0
 1077 00fe 15       		.uleb128 0x15
 1078 00ff 2E       		.uleb128 0x2e
 1079 0100 01       		.byte	0x1
 1080 0101 3F       		.uleb128 0x3f
 1081 0102 19       		.uleb128 0x19
 1082 0103 03       		.uleb128 0x3
 1083 0104 0E       		.uleb128 0xe
 1084 0105 3A       		.uleb128 0x3a
 1085 0106 0B       		.uleb128 0xb
 1086 0107 3B       		.uleb128 0x3b
 1087 0108 05       		.uleb128 0x5
 1088 0109 27       		.uleb128 0x27
 1089 010a 19       		.uleb128 0x19
 1090 010b 11       		.uleb128 0x11
 1091 010c 01       		.uleb128 0x1
 1092 010d 12       		.uleb128 0x12
 1093 010e 06       		.uleb128 0x6
 1094 010f 40       		.uleb128 0x40
 1095 0110 18       		.uleb128 0x18
 1096 0111 9742     		.uleb128 0x2117
 1097 0113 19       		.uleb128 0x19
 1098 0114 01       		.uleb128 0x1
 1099 0115 13       		.uleb128 0x13
 1100 0116 00       		.byte	0
 1101 0117 00       		.byte	0
 1102 0118 16       		.uleb128 0x16
 1103 0119 0B       		.uleb128 0xb
 1104 011a 01       		.byte	0x1
 1105 011b 11       		.uleb128 0x11
 1106 011c 01       		.uleb128 0x1
 1107 011d 12       		.uleb128 0x12
 1108 011e 06       		.uleb128 0x6
 1109 011f 01       		.uleb128 0x1
 1110 0120 13       		.uleb128 0x13
 1111 0121 00       		.byte	0
 1112 0122 00       		.byte	0
 1113 0123 17       		.uleb128 0x17
 1114 0124 34       		.uleb128 0x34
ARM GAS  C:\Users\Marlo\AppData\Local\Temp\cczD33uK.s 			page 27


 1115 0125 00       		.byte	0
 1116 0126 03       		.uleb128 0x3
 1117 0127 0E       		.uleb128 0xe
 1118 0128 3A       		.uleb128 0x3a
 1119 0129 0B       		.uleb128 0xb
 1120 012a 3B       		.uleb128 0x3b
 1121 012b 05       		.uleb128 0x5
 1122 012c 49       		.uleb128 0x49
 1123 012d 13       		.uleb128 0x13
 1124 012e 02       		.uleb128 0x2
 1125 012f 18       		.uleb128 0x18
 1126 0130 00       		.byte	0
 1127 0131 00       		.byte	0
 1128 0132 18       		.uleb128 0x18
 1129 0133 13       		.uleb128 0x13
 1130 0134 01       		.byte	0x1
 1131 0135 0B       		.uleb128 0xb
 1132 0136 0B       		.uleb128 0xb
 1133 0137 3A       		.uleb128 0x3a
 1134 0138 0B       		.uleb128 0xb
 1135 0139 3B       		.uleb128 0x3b
 1136 013a 05       		.uleb128 0x5
 1137 013b 01       		.uleb128 0x1
 1138 013c 13       		.uleb128 0x13
 1139 013d 00       		.byte	0
 1140 013e 00       		.byte	0
 1141 013f 19       		.uleb128 0x19
 1142 0140 0D       		.uleb128 0xd
 1143 0141 00       		.byte	0
 1144 0142 03       		.uleb128 0x3
 1145 0143 0E       		.uleb128 0xe
 1146 0144 3A       		.uleb128 0x3a
 1147 0145 0B       		.uleb128 0xb
 1148 0146 3B       		.uleb128 0x3b
 1149 0147 05       		.uleb128 0x5
 1150 0148 49       		.uleb128 0x49
 1151 0149 13       		.uleb128 0x13
 1152 014a 38       		.uleb128 0x38
 1153 014b 0B       		.uleb128 0xb
 1154 014c 00       		.byte	0
 1155 014d 00       		.byte	0
 1156 014e 1A       		.uleb128 0x1a
 1157 014f 01       		.uleb128 0x1
 1158 0150 01       		.byte	0x1
 1159 0151 49       		.uleb128 0x49
 1160 0152 13       		.uleb128 0x13
 1161 0153 01       		.uleb128 0x1
 1162 0154 13       		.uleb128 0x13
 1163 0155 00       		.byte	0
 1164 0156 00       		.byte	0
 1165 0157 1B       		.uleb128 0x1b
 1166 0158 21       		.uleb128 0x21
 1167 0159 00       		.byte	0
 1168 015a 49       		.uleb128 0x49
 1169 015b 13       		.uleb128 0x13
 1170 015c 2F       		.uleb128 0x2f
 1171 015d 0B       		.uleb128 0xb
ARM GAS  C:\Users\Marlo\AppData\Local\Temp\cczD33uK.s 			page 28


 1172 015e 00       		.byte	0
 1173 015f 00       		.byte	0
 1174 0160 1C       		.uleb128 0x1c
 1175 0161 34       		.uleb128 0x34
 1176 0162 00       		.byte	0
 1177 0163 03       		.uleb128 0x3
 1178 0164 08       		.uleb128 0x8
 1179 0165 3A       		.uleb128 0x3a
 1180 0166 0B       		.uleb128 0xb
 1181 0167 3B       		.uleb128 0x3b
 1182 0168 05       		.uleb128 0x5
 1183 0169 49       		.uleb128 0x49
 1184 016a 13       		.uleb128 0x13
 1185 016b 02       		.uleb128 0x2
 1186 016c 17       		.uleb128 0x17
 1187 016d 00       		.byte	0
 1188 016e 00       		.byte	0
 1189 016f 1D       		.uleb128 0x1d
 1190 0170 898201   		.uleb128 0x4109
 1191 0173 00       		.byte	0
 1192 0174 11       		.uleb128 0x11
 1193 0175 01       		.uleb128 0x1
 1194 0176 31       		.uleb128 0x31
 1195 0177 13       		.uleb128 0x13
 1196 0178 00       		.byte	0
 1197 0179 00       		.byte	0
 1198 017a 1E       		.uleb128 0x1e
 1199 017b 2E       		.uleb128 0x2e
 1200 017c 00       		.byte	0
 1201 017d 3F       		.uleb128 0x3f
 1202 017e 19       		.uleb128 0x19
 1203 017f 3C       		.uleb128 0x3c
 1204 0180 19       		.uleb128 0x19
 1205 0181 6E       		.uleb128 0x6e
 1206 0182 0E       		.uleb128 0xe
 1207 0183 03       		.uleb128 0x3
 1208 0184 0E       		.uleb128 0xe
 1209 0185 00       		.byte	0
 1210 0186 00       		.byte	0
 1211 0187 1F       		.uleb128 0x1f
 1212 0188 2E       		.uleb128 0x2e
 1213 0189 00       		.byte	0
 1214 018a 3F       		.uleb128 0x3f
 1215 018b 19       		.uleb128 0x19
 1216 018c 3C       		.uleb128 0x3c
 1217 018d 19       		.uleb128 0x19
 1218 018e 6E       		.uleb128 0x6e
 1219 018f 0E       		.uleb128 0xe
 1220 0190 03       		.uleb128 0x3
 1221 0191 0E       		.uleb128 0xe
 1222 0192 3A       		.uleb128 0x3a
 1223 0193 0B       		.uleb128 0xb
 1224 0194 3B       		.uleb128 0x3b
 1225 0195 0B       		.uleb128 0xb
 1226 0196 00       		.byte	0
 1227 0197 00       		.byte	0
 1228 0198 00       		.byte	0
ARM GAS  C:\Users\Marlo\AppData\Local\Temp\cczD33uK.s 			page 29


 1229              		.section	.debug_loc,"",%progbits
 1230              	.Ldebug_loc0:
 1231              	.LLST0:
 1232 0000 02000000 		.4byte	.LVL1
 1233 0004 08000000 		.4byte	.LVL2
 1234 0008 0200     		.2byte	0x2
 1235 000a 30       		.byte	0x30
 1236 000b 9F       		.byte	0x9f
 1237 000c 08000000 		.4byte	.LVL2
 1238 0010 30000000 		.4byte	.LVL11
 1239 0014 0100     		.2byte	0x1
 1240 0016 57       		.byte	0x57
 1241 0017 00000000 		.4byte	0
 1242 001b 00000000 		.4byte	0
 1243              	.LLST1:
 1244 001f 02000000 		.4byte	.LVL1
 1245 0023 08000000 		.4byte	.LVL2
 1246 0027 0200     		.2byte	0x2
 1247 0029 30       		.byte	0x30
 1248 002a 9F       		.byte	0x9f
 1249 002b 08000000 		.4byte	.LVL2
 1250 002f 30000000 		.4byte	.LVL10
 1251 0033 0100     		.2byte	0x1
 1252 0035 55       		.byte	0x55
 1253 0036 00000000 		.4byte	0
 1254 003a 00000000 		.4byte	0
 1255              	.LLST2:
 1256 003e 0C000000 		.4byte	.LVL3
 1257 0042 2C000000 		.4byte	.LVL9
 1258 0046 0100     		.2byte	0x1
 1259 0048 56       		.byte	0x56
 1260 0049 00000000 		.4byte	0
 1261 004d 00000000 		.4byte	0
 1262              	.LLST3:
 1263 0051 0E000000 		.4byte	.LVL4
 1264 0055 24000000 		.4byte	.LVL7
 1265 0059 0100     		.2byte	0x1
 1266 005b 53       		.byte	0x53
 1267 005c 26000000 		.4byte	.LVL8
 1268 0060 2C000000 		.4byte	.LVL9
 1269 0064 0100     		.2byte	0x1
 1270 0066 53       		.byte	0x53
 1271 0067 00000000 		.4byte	0
 1272 006b 00000000 		.4byte	0
 1273              	.LLST4:
 1274 006f 00000000 		.4byte	.LVL12
 1275 0073 09000000 		.4byte	.LVL14-1
 1276 0077 0100     		.2byte	0x1
 1277 0079 50       		.byte	0x50
 1278 007a 09000000 		.4byte	.LVL14-1
 1279 007e 0C000000 		.4byte	.LFE0
 1280 0082 0400     		.2byte	0x4
 1281 0084 F3       		.byte	0xf3
 1282 0085 01       		.uleb128 0x1
 1283 0086 50       		.byte	0x50
 1284 0087 9F       		.byte	0x9f
 1285 0088 00000000 		.4byte	0
ARM GAS  C:\Users\Marlo\AppData\Local\Temp\cczD33uK.s 			page 30


 1286 008c 00000000 		.4byte	0
 1287              	.LLST5:
 1288 0090 00000000 		.4byte	.LVL12
 1289 0094 06000000 		.4byte	.LVL13
 1290 0098 0100     		.2byte	0x1
 1291 009a 51       		.byte	0x51
 1292 009b 06000000 		.4byte	.LVL13
 1293 009f 09000000 		.4byte	.LVL14-1
 1294 00a3 0100     		.2byte	0x1
 1295 00a5 52       		.byte	0x52
 1296 00a6 09000000 		.4byte	.LVL14-1
 1297 00aa 0C000000 		.4byte	.LFE0
 1298 00ae 0400     		.2byte	0x4
 1299 00b0 F3       		.byte	0xf3
 1300 00b1 01       		.uleb128 0x1
 1301 00b2 51       		.byte	0x51
 1302 00b3 9F       		.byte	0x9f
 1303 00b4 00000000 		.4byte	0
 1304 00b8 00000000 		.4byte	0
 1305              	.LLST6:
 1306 00bc 60000000 		.4byte	.LVL18
 1307 00c0 64000000 		.4byte	.LVL19
 1308 00c4 0200     		.2byte	0x2
 1309 00c6 30       		.byte	0x30
 1310 00c7 9F       		.byte	0x9f
 1311 00c8 64000000 		.4byte	.LVL19
 1312 00cc 82000000 		.4byte	.LVL21
 1313 00d0 0100     		.2byte	0x1
 1314 00d2 54       		.byte	0x54
 1315 00d3 84000000 		.4byte	.LVL22
 1316 00d7 F0000000 		.4byte	.LVL25
 1317 00db 0100     		.2byte	0x1
 1318 00dd 54       		.byte	0x54
 1319 00de 00000000 		.4byte	0
 1320 00e2 00000000 		.4byte	0
 1321              	.LLST7:
 1322 00e6 64000000 		.4byte	.LVL19
 1323 00ea 82000000 		.4byte	.LVL21
 1324 00ee 0B00     		.2byte	0xb
 1325 00f0 74       		.byte	0x74
 1326 00f1 00       		.sleb128 0
 1327 00f2 36       		.byte	0x36
 1328 00f3 1E       		.byte	0x1e
 1329 00f4 03       		.byte	0x3
 1330 00f5 00000000 		.4byte	cfg_memset_list.4870
 1331 00f9 22       		.byte	0x22
 1332 00fa 9F       		.byte	0x9f
 1333 00fb 82000000 		.4byte	.LVL21
 1334 00ff 84000000 		.4byte	.LVL22
 1335 0103 0B00     		.2byte	0xb
 1336 0105 74       		.byte	0x74
 1337 0106 7F       		.sleb128 -1
 1338 0107 36       		.byte	0x36
 1339 0108 1E       		.byte	0x1e
 1340 0109 03       		.byte	0x3
 1341 010a 00000000 		.4byte	cfg_memset_list.4870
 1342 010e 22       		.byte	0x22
ARM GAS  C:\Users\Marlo\AppData\Local\Temp\cczD33uK.s 			page 31


 1343 010f 9F       		.byte	0x9f
 1344 0110 00000000 		.4byte	0
 1345 0114 00000000 		.4byte	0
 1346              		.section	.debug_aranges,"",%progbits
 1347 0000 34000000 		.4byte	0x34
 1348 0004 0200     		.2byte	0x2
 1349 0006 00000000 		.4byte	.Ldebug_info0
 1350 000a 04       		.byte	0x4
 1351 000b 00       		.byte	0
 1352 000c 0000     		.2byte	0
 1353 000e 0000     		.2byte	0
 1354 0010 00000000 		.4byte	.LFB3
 1355 0014 32000000 		.4byte	.LFE3-.LFB3
 1356 0018 00000000 		.4byte	.LFB0
 1357 001c 0C000000 		.4byte	.LFE0-.LFB0
 1358 0020 00000000 		.4byte	.LFB4
 1359 0024 5C000000 		.4byte	.LFE4-.LFB4
 1360 0028 5C000000 		.4byte	.LFB6
 1361 002c CC000000 		.4byte	.LFE6-.LFB6
 1362 0030 00000000 		.4byte	0
 1363 0034 00000000 		.4byte	0
 1364              		.section	.debug_ranges,"",%progbits
 1365              	.Ldebug_ranges0:
 1366 0000 00000000 		.4byte	.LFB3
 1367 0004 32000000 		.4byte	.LFE3
 1368 0008 00000000 		.4byte	.LFB0
 1369 000c 0C000000 		.4byte	.LFE0
 1370 0010 00000000 		.4byte	.LFB4
 1371 0014 5C000000 		.4byte	.LFE4
 1372 0018 5C000000 		.4byte	.LFB6
 1373 001c 28010000 		.4byte	.LFE6
 1374 0020 00000000 		.4byte	0
 1375 0024 00000000 		.4byte	0
 1376              		.section	.debug_line,"",%progbits
 1377              	.Ldebug_line0:
 1378 0000 58010000 		.section	.debug_str,"MS",%progbits,1
 1378      0200D600 
 1378      00000201 
 1378      FB0E0D00 
 1378      01010101 
 1379              	.LASF19:
 1380 0000 72656733 		.ascii	"reg32\000"
 1380      3200
 1381              	.LASF12:
 1382 0006 73697A65 		.ascii	"size_t\000"
 1382      5F7400
 1383              	.LASF37:
 1384 000d 4379496E 		.ascii	"CyIntSetVector\000"
 1384      74536574 
 1384      56656374 
 1384      6F7200
 1385              	.LASF21:
 1386 001c 76616C75 		.ascii	"value\000"
 1386      6500
 1387              	.LASF26:
 1388 0022 636F756E 		.ascii	"count\000"
 1388      7400
ARM GAS  C:\Users\Marlo\AppData\Local\Temp\cczD33uK.s 			page 32


 1389              	.LASF29:
 1390 0028 436C6F63 		.ascii	"ClockSetup\000"
 1390      6B536574 
 1390      757000
 1391              	.LASF30:
 1392 0033 63795F63 		.ascii	"cy_cfg_addr_table\000"
 1392      66675F61 
 1392      6464725F 
 1392      7461626C 
 1392      6500
 1393              	.LASF31:
 1394 0045 63795F63 		.ascii	"cy_cfg_data_table\000"
 1394      66675F64 
 1394      6174615F 
 1394      7461626C 
 1394      6500
 1395              	.LASF16:
 1396 0057 666C6F61 		.ascii	"float\000"
 1396      7400
 1397              	.LASF35:
 1398 005d 6366675F 		.ascii	"cfg_memset_list\000"
 1398      6D656D73 
 1398      65745F6C 
 1398      69737400 
 1399              	.LASF33:
 1400 006d 73697A65 		.ascii	"size\000"
 1400      00
 1401              	.LASF18:
 1402 0072 72656738 		.ascii	"reg8\000"
 1402      00
 1403              	.LASF8:
 1404 0077 6C6F6E67 		.ascii	"long unsigned int\000"
 1404      20756E73 
 1404      69676E65 
 1404      6420696E 
 1404      7400
 1405              	.LASF13:
 1406 0089 75696E74 		.ascii	"uint8\000"
 1406      3800
 1407              	.LASF28:
 1408 008f 43594D45 		.ascii	"CYMEMZERO\000"
 1408      4D5A4552 
 1408      4F00
 1409              	.LASF4:
 1410 0099 756E7369 		.ascii	"unsigned char\000"
 1410      676E6564 
 1410      20636861 
 1410      7200
 1411              	.LASF43:
 1412 00a7 6D656D73 		.ascii	"memset\000"
 1412      657400
 1413              	.LASF17:
 1414 00ae 646F7562 		.ascii	"double\000"
 1414      6C6500
 1415              	.LASF27:
 1416 00b5 6366675F 		.ascii	"cfg_write_bytes32\000"
 1416      77726974 
ARM GAS  C:\Users\Marlo\AppData\Local\Temp\cczD33uK.s 			page 33


 1416      655F6279 
 1416      74657333 
 1416      3200
 1417              	.LASF38:
 1418 00c7 4379496E 		.ascii	"CyIntEnable\000"
 1418      74456E61 
 1418      626C6500 
 1419              	.LASF23:
 1420 00d3 61646472 		.ascii	"addr_table\000"
 1420      5F746162 
 1420      6C6500
 1421              	.LASF14:
 1422 00de 75696E74 		.ascii	"uint16\000"
 1422      313600
 1423              	.LASF24:
 1424 00e5 64617461 		.ascii	"data_table\000"
 1424      5F746162 
 1424      6C6500
 1425              	.LASF15:
 1426 00f0 75696E74 		.ascii	"uint32\000"
 1426      333200
 1427              	.LASF0:
 1428 00f7 756E7369 		.ascii	"unsigned int\000"
 1428      676E6564 
 1428      20696E74 
 1428      00
 1429              	.LASF42:
 1430 0104 63796669 		.ascii	"cyfitter_cfg\000"
 1430      74746572 
 1430      5F636667 
 1430      00
 1431              	.LASF32:
 1432 0111 61646472 		.ascii	"address\000"
 1432      65737300 
 1433              	.LASF9:
 1434 0119 6C6F6E67 		.ascii	"long long unsigned int\000"
 1434      206C6F6E 
 1434      6720756E 
 1434      7369676E 
 1434      65642069 
 1435              	.LASF39:
 1436 0130 474E5520 		.ascii	"GNU C11 5.4.1 20160609 (release) [ARM/embedded-5-br"
 1436      43313120 
 1436      352E342E 
 1436      31203230 
 1436      31363036 
 1437 0163 616E6368 		.ascii	"anch revision 237715] -mcpu=cortex-m0 -mthumb -g -O"
 1437      20726576 
 1437      6973696F 
 1437      6E203233 
 1437      37373135 
 1438 0196 67202D66 		.ascii	"g -ffunction-sections -ffat-lto-objects\000"
 1438      66756E63 
 1438      74696F6E 
 1438      2D736563 
 1438      74696F6E 
 1439              	.LASF34:
ARM GAS  C:\Users\Marlo\AppData\Local\Temp\cczD33uK.s 			page 34


 1440 01be 6366675F 		.ascii	"cfg_memset_t\000"
 1440      6D656D73 
 1440      65745F74 
 1440      00
 1441              	.LASF25:
 1442 01cb 62617365 		.ascii	"baseAddr\000"
 1442      41646472 
 1442      00
 1443              	.LASF10:
 1444 01d4 73697A65 		.ascii	"sizetype\000"
 1444      74797065 
 1444      00
 1445              	.LASF6:
 1446 01dd 73686F72 		.ascii	"short unsigned int\000"
 1446      7420756E 
 1446      7369676E 
 1446      65642069 
 1446      6E7400
 1447              	.LASF1:
 1448 01f0 6C6F6E67 		.ascii	"long long int\000"
 1448      206C6F6E 
 1448      6720696E 
 1448      7400
 1449              	.LASF11:
 1450 01fe 63686172 		.ascii	"char\000"
 1450      00
 1451              	.LASF41:
 1452 0203 433A5C55 		.ascii	"C:\\Users\\Marlo\\Documents\\PSoC Creator\\Workspac"
 1452      73657273 
 1452      5C4D6172 
 1452      6C6F5C44 
 1452      6F63756D 
 1453 0231 6530315C 		.ascii	"e01\\Design01.cydsn\000"
 1453      44657369 
 1453      676E3031 
 1453      2E637964 
 1453      736E00
 1454              	.LASF22:
 1455 0244 63795F63 		.ascii	"cy_cfg_addrvalue_t\000"
 1455      66675F61 
 1455      64647276 
 1455      616C7565 
 1455      5F7400
 1456              	.LASF20:
 1457 0257 6F666673 		.ascii	"offset\000"
 1457      657400
 1458              	.LASF5:
 1459 025e 73686F72 		.ascii	"short int\000"
 1459      7420696E 
 1459      7400
 1460              	.LASF36:
 1461 0268 43795379 		.ascii	"CySysClkWriteImoFreq\000"
 1461      73436C6B 
 1461      57726974 
 1461      65496D6F 
 1461      46726571 
 1462              	.LASF7:
ARM GAS  C:\Users\Marlo\AppData\Local\Temp\cczD33uK.s 			page 35


 1463 027d 6C6F6E67 		.ascii	"long int\000"
 1463      20696E74 
 1463      00
 1464              	.LASF2:
 1465 0286 6C6F6E67 		.ascii	"long double\000"
 1465      20646F75 
 1465      626C6500 
 1466              	.LASF3:
 1467 0292 7369676E 		.ascii	"signed char\000"
 1467      65642063 
 1467      68617200 
 1468              	.LASF40:
 1469 029e 47656E65 		.ascii	"Generated_Source\\PSoC4\\cyfitter_cfg.c\000"
 1469      72617465 
 1469      645F536F 
 1469      75726365 
 1469      5C50536F 
 1470              		.ident	"GCC: (GNU Tools for ARM Embedded Processors) 5.4.1 20160609 (release) [ARM/embedded-5-bran
